Product: MDK-ARM Standard 5.10
Component: ARM Compiler 5.04 update 1 (build 49)
Tool: armlink [5040049]

==============================================================================

Section Cross References

    main.o(i.BoardInit) refers to system_stm32f10x.o(i.SystemInit) for SystemInit
    main.o(i.BoardInit) refers to delay.o(i.delay_init) for delay_init
    main.o(i.BoardInit) refers to lcd.o(i.LCD_Configuration) for LCD_Configuration
    main.o(i.BoardInit) refers to lcd.o(i.LCD_Init) for LCD_Init
    main.o(i.BoardInit) refers to lcd.o(i.TOUCH_SCREEN_INIT) for TOUCH_SCREEN_INIT
    main.o(i.BoardInit) refers to lcd.o(i.TOUCH_INT_config) for TOUCH_INT_config
    main.o(i.BoardInit) refers to lcd.o(i.TOUCH_INT_EXIT_Init) for TOUCH_INT_EXIT_Init
    main.o(i.BoardInit) refers to lcd.o(i.TOUCH_InterruptConfig) for TOUCH_InterruptConfig
    main.o(i.BoardInit) refers to main.o(i.drawInitGraph) for drawInitGraph
    main.o(i.BoardInit) refers to lcd.o(.bss) for chessTable
    main.o(i.drawBTN) refers to lcd.o(i.LCD_DrawRectangle) for LCD_DrawRectangle
    main.o(i.drawBTN) refers to lcd.o(i.LCD_ShowString) for LCD_ShowString
    main.o(i.drawChessBoard) refers to lcd.o(i.LCD_DrawLine) for LCD_DrawLine
    main.o(i.drawInitChess) refers to lcd.o(i.LCD_Draw_Circle_Chess) for LCD_Draw_Circle_Chess
    main.o(i.drawInitChess) refers to lcd.o(.data) for CHESS_COLOR
    main.o(i.drawInitGraph) refers to main.o(i.drawChessBoard) for drawChessBoard
    main.o(i.drawInitGraph) refers to main.o(i.drawBTN) for drawBTN
    main.o(i.drawInitGraph) refers to main.o(i.drawInitChess) for drawInitChess
    main.o(i.getXY) refers to lcd.o(i.TouchScreen) for TouchScreen
    main.o(i.getXY) refers to lcd.o(.data) for xScreen
    main.o(i.judge) refers to lcd.o(i.LCD_Rm_Circle_Chess) for LCD_Rm_Circle_Chess
    main.o(i.judge) refers to lcd.o(.bss) for chessTable
    main.o(i.judge) refers to main.o(.bss) for pastChessBoard
    main.o(i.judge) refers to main.o(i.win) for win
    main.o(i.judge) refers to main.o(.data) for turn
    main.o(i.main) refers to main.o(i.BoardInit) for BoardInit
    main.o(i.main) refers to main.o(i.getXY) for getXY
    main.o(i.main) refers to main.o(i.isRST) for isRST
    main.o(i.main) refers to main.o(i.resetChessBoard) for resetChessBoard
    main.o(i.main) refers to main.o(i.isChessBoard) for isChessBoard
    main.o(i.main) refers to lcd.o(i.LCD_Draw_Circle_Chess) for LCD_Draw_Circle_Chess
    main.o(i.main) refers to lcd.o(i.LCD_Rm_Circle_Chess) for LCD_Rm_Circle_Chess
    main.o(i.main) refers to main.o(i.judge) for judge
    main.o(i.main) refers to main.o(.data) for turn
    main.o(i.main) refers to lcd.o(.data) for touchFlag
    main.o(i.main) refers to lcd.o(.bss) for chessTable
    main.o(i.main) refers to main.o(.bss) for pastChessBoard
    main.o(i.resetChessBoard) refers to lcd.o(i.LCD_Fill) for LCD_Fill
    main.o(i.resetChessBoard) refers to main.o(i.drawChessBoard) for drawChessBoard
    main.o(i.resetChessBoard) refers to main.o(i.drawInitChess) for drawInitChess
    main.o(i.resetChessBoard) refers to main.o(.data) for endFlag
    main.o(i.resetChessBoard) refers to lcd.o(.bss) for chessTable
    main.o(i.win) refers to lcd.o(i.LCD_ShowString) for LCD_ShowString
    main.o(i.win) refers to main.o(.data) for endFlag
    led.o(i.LED_Blink) refers to stm32f10x_gpio.o(i.GPIO_SetBits) for GPIO_SetBits
    led.o(i.LED_Blink) refers to led.o(i.Delay) for Delay
    led.o(i.LED_Blink) refers to stm32f10x_gpio.o(i.GPIO_ResetBits) for GPIO_ResetBits
    led.o(i.LED_Configuration) refers to stm32f10x_rcc.o(i.RCC_APB2PeriphClockCmd) for RCC_APB2PeriphClockCmd
    led.o(i.LED_Configuration) refers to stm32f10x_gpio.o(i.GPIO_Init) for GPIO_Init
    led.o(i.One_LED_ON) refers to stm32f10x_gpio.o(i.GPIO_SetBits) for GPIO_SetBits
    led.o(i.One_LED_ON) refers to stm32f10x_gpio.o(i.GPIO_ResetBits) for GPIO_ResetBits
    key.o(i.KEY_Configuration) refers to stm32f10x_rcc.o(i.RCC_APB2PeriphClockCmd) for RCC_APB2PeriphClockCmd
    key.o(i.KEY_Configuration) refers to stm32f10x_gpio.o(i.GPIO_Init) for GPIO_Init
    key.o(i.KEY_read) refers to stm32f10x_gpio.o(i.GPIO_ResetBits) for GPIO_ResetBits
    key.o(i.KEY_read) refers to stm32f10x_gpio.o(i.GPIO_SetBits) for GPIO_SetBits
    key.o(i.KEY_read) refers to stm32f10x_gpio.o(i.GPIO_ReadInputDataBit) for GPIO_ReadInputDataBit
    key.o(i.key_test) refers to key.o(i.KEY_Configuration) for KEY_Configuration
    key.o(i.key_test) refers to key.o(i.KEY_read) for KEY_read
    key.o(i.key_test) refers to key.o(.data) for keydown
    beep.o(i.BEEP_Configuration) refers to stm32f10x_rcc.o(i.RCC_APB2PeriphClockCmd) for RCC_APB2PeriphClockCmd
    beep.o(i.BEEP_Configuration) refers to stm32f10x_gpio.o(i.GPIO_PinRemapConfig) for GPIO_PinRemapConfig
    beep.o(i.BEEP_Configuration) refers to stm32f10x_gpio.o(i.GPIO_Init) for GPIO_Init
    beep.o(i.Beep) refers to stm32f10x_gpio.o(i.GPIO_SetBits) for GPIO_SetBits
[...]
    iic.o(i.IIC_Configuration) refers to stm32f10x_rcc.o(i.RCC_APB1PeriphClockCmd) for RCC_APB1PeriphClockCmd
    iic.o(i.IIC_Configuration) refers to stm32f10x_gpio.o(i.GPIO_Init) for GPIO_Init
    iic.o(i.IIC_Configuration) refers to stm32f10x_i2c.o(i.I2C_DeInit) for I2C_DeInit
    iic.o(i.IIC_Configuration) refers to stm32f10x_i2c.o(i.I2C_Init) for I2C_Init
    iic.o(i.IIC_Configuration) refers to stm32f10x_i2c.o(i.I2C_Cmd) for I2C_Cmd
    iic.o(i.IIC_test) refers to iic.o(i.I2C_Master_BufferWrite) for I2C_Master_BufferWrite
    iic.o(i.IIC_test) refers to iic.o(i.I2C_Master_BufferRead) for I2C_Master_BufferRead
    iic.o(i.IIC_test) refers to iic.o(.data) for writeflag
    iic.o(i.IIC_test) refers to iic.o(.bss) for IICInBuf
    spi.o(i.ENC25Q80_SPI2_Init) refers to stm32f10x_rcc.o(i.RCC_APB1PeriphClockCmd) for RCC_APB1PeriphClockCmd
    spi.o(i.ENC25Q80_SPI2_Init) refers to stm32f10x_rcc.o(i.RCC_APB2PeriphClockCmd) for RCC_APB2PeriphClockCmd
    spi.o(i.ENC25Q80_SPI2_Init) refers to stm32f10x_gpio.o(i.GPIO_PinRemapConfig) for GPIO_PinRemapConfig
    spi.o(i.ENC25Q80_SPI2_Init) refers to stm32f10x_gpio.o(i.GPIO_Init) for GPIO_Init
    spi.o(i.ENC25Q80_SPI2_Init) refers to stm32f10x_spi.o(i.SPI_Init) for SPI_Init
    spi.o(i.ENC25Q80_SPI2_Init) refers to stm32f10x_spi.o(i.SPI_Cmd) for SPI_Cmd
    spi.o(i.SPI2_ReadWriteByte) refers to stm32f10x_gpio.o(i.GPIO_ResetBits) for GPIO_ResetBits
    spi.o(i.SPI2_ReadWriteByte) refers to stm32f10x_spi.o(i.SPI_I2S_GetFlagStatus) for SPI_I2S_GetFlagStatus
    spi.o(i.SPI2_ReadWriteByte) refers to stm32f10x_spi.o(i.SPI_I2S_SendData) for SPI_I2S_SendData
    spi.o(i.SPI2_ReadWriteByte) refers to stm32f10x_spi.o(i.SPI_I2S_ReceiveData) for SPI_I2S_ReceiveData
    spi.o(i.SPI2_ReadWriteByte) refers to stm32f10x_gpio.o(i.GPIO_SetBits) for GPIO_SetBits
    spi.o(i.SPI_FLASH_ReadDeviceID) refers to stm32f10x_gpio.o(i.GPIO_ResetBits) for GPIO_ResetBits
    spi.o(i.SPI_FLASH_ReadDeviceID) refers to spi.o(i.SPI_FLASH_SendByte) for SPI_FLASH_SendByte
    spi.o(i.SPI_FLASH_ReadDeviceID) refers to stm32f10x_gpio.o(i.GPIO_SetBits) for GPIO_SetBits
    spi.o(i.SPI_FLASH_SendByte) refers to stm32f10x_spi.o(i.SPI_I2S_SendData) for SPI_I2S_SendData
    spi.o(i.SPI_FLASH_SendByte) refers to stm32f10x_spi.o(i.SPI_I2S_GetFlagStatus) for SPI_I2S_GetFlagStatus
    spi.o(i.SPI_FLASH_SendByte) refers to stm32f10x_spi.o(i.SPI_I2S_ReceiveData) for SPI_I2S_ReceiveData
    aiao.o(i.AIAO_test) refers to stm32f10x_adc.o(i.ADC_RegularChannelConfig) for ADC_RegularChannelConfig
    aiao.o(i.AIAO_test) refers to stm32f10x_adc.o(i.ADC_SoftwareStartConvCmd) for ADC_SoftwareStartConvCmd
    aiao.o(i.AIAO_test) refers to aiao.o(i.AO_test) for AO_test
    aiao.o(i.AIAO_test) refers to delay.o(i.delay_ms) for delay_ms
    aiao.o(i.AIAO_test) refers to aiao.o(.data) for AItmp
    aiao.o(i.AI_Configuration) refers to stm32f10x_rcc.o(i.RCC_APB2PeriphClockCmd) for RCC_APB2PeriphClockCmd
    aiao.o(i.AI_Configuration) refers to stm32f10x_gpio.o(i.GPIO_Init) for GPIO_Init
    aiao.o(i.AI_Configuration) refers to stm32f10x_adc.o(i.ADC_Init) for ADC_Init
    aiao.o(i.AI_Configuration) refers to stm32f10x_adc.o(i.ADC_Cmd) for ADC_Cmd
    aiao.o(i.AI_Configuration) refers to stm32f10x_adc.o(i.ADC_ResetCalibration) for ADC_ResetCalibration
    aiao.o(i.AI_Configuration) refers to stm32f10x_adc.o(i.ADC_GetResetCalibrationStatus) for ADC_GetResetCalibrationStatus
    aiao.o(i.AI_Configuration) refers to stm32f10x_adc.o(i.ADC_StartCalibration) for ADC_StartCalibration
    aiao.o(i.AI_Configuration) refers to stm32f10x_adc.o(i.ADC_GetCalibrationStatus) for ADC_GetCalibrationStatus
    aiao.o(i.AI_Configuration) refers to stm32f10x_adc.o(i.ADC_SoftwareStartConvCmd) for ADC_SoftwareStartConvCmd
    aiao.o(i.AO_test) refers to stm32f10x_dac.o(i.DAC_SetChannel1Data) for DAC_SetChannel1Data
    aiao.o(i.DAC1_Configuration) refers to stm32f10x_rcc.o(i.RCC_APB2PeriphClockCmd) for RCC_APB2PeriphClockCmd
    aiao.o(i.DAC1_Configuration) refers to stm32f10x_gpio.o(i.GPIO_Init) for GPIO_Init
    aiao.o(i.DAC1_Configuration) refers to stm32f10x_rcc.o(i.RCC_APB1PeriphClockCmd) for RCC_APB1PeriphClockCmd
    aiao.o(i.DAC1_Configuration) refers to stm32f10x_dac.o(i.DAC_Init) for DAC_Init
    aiao.o(i.DAC1_Configuration) refers to stm32f10x_dac.o(i.DAC_Cmd) for DAC_Cmd
    aiao.o(i.DAC1_Configuration) refers to stm32f10x_dac.o(i.DAC_SetChannel1Data) for DAC_SetChannel1Data
    counter.o(i.Counter_Configuration) refers to stm32f10x_rcc.o(i.RCC_APB2PeriphClockCmd) for RCC_APB2PeriphClockCmd
    counter.o(i.Counter_Configuration) refers to stm32f10x_rcc.o(i.RCC_APB1PeriphClockCmd) for RCC_APB1PeriphClockCmd
    counter.o(i.Counter_Configuration) refers to stm32f10x_gpio.o(i.GPIO_Init) for GPIO_Init
    counter.o(i.Counter_Configuration) refers to stm32f10x_tim.o(i.TIM_TimeBaseInit) for TIM_TimeBaseInit
    counter.o(i.Counter_Configuration) refers to stm32f10x_tim.o(i.TIM_ICInit) for TIM_ICInit
    counter.o(i.Counter_Configuration) refers to stm32f10x_tim.o(i.TIM_SelectInputTrigger) for TIM_SelectInputTrigger
    counter.o(i.Counter_Configuration) refers to stm32f10x_tim.o(i.TIM_SetCounter) for TIM_SetCounter
    counter.o(i.Counter_Configuration) refers to stm32f10x_tim.o(i.TIM_Cmd) for TIM_Cmd
    counter.o(i.Counter_test) refers to counter.o(.data) for TimeCnt
    pwm.o(i.PWM_Configuration) refers to stm32f10x_rcc.o(i.RCC_APB2PeriphClockCmd) for RCC_APB2PeriphClockCmd
    pwm.o(i.PWM_Configuration) refers to stm32f10x_gpio.o(i.GPIO_PinRemapConfig) for GPIO_PinRemapConfig
    pwm.o(i.PWM_Configuration) refers to stm32f10x_gpio.o(i.GPIO_Init) for GPIO_Init
    pwm.o(i.PWM_Configuration) refers to stm32f10x_tim.o(i.TIM_TimeBaseInit) for TIM_TimeBaseInit
    pwm.o(i.PWM_Configuration) refers to stm32f10x_tim.o(i.TIM_OC1Init) for TIM_OC1Init
    pwm.o(i.PWM_Configuration) refers to stm32f10x_tim.o(i.TIM_OC1PreloadConfig) for TIM_OC1PreloadConfig
    pwm.o(i.PWM_Configuration) refers to stm32f10x_tim.o(i.TIM_Cmd) for TIM_Cmd
    pwm.o(i.PWM_Configuration) refers to stm32f10x_tim.o(i.TIM_CtrlPWMOutputs) for TIM_CtrlPWMOutputs
    seg.o(i.SEG_Configuration) refers to stm32f10x_rcc.o(i.RCC_APB2PeriphClockCmd) for RCC_APB2PeriphClockCmd
    seg.o(i.SEG_Configuration) refers to stm32f10x_rcc.o(i.RCC_APB1PeriphClockCmd) for RCC_APB1PeriphClockCmd
    seg.o(i.SEG_Configuration) refers to stm32f10x_pwr.o(i.PWR_BackupAccessCmd) for PWR_BackupAccessCmd
    seg.o(i.SEG_Configuration) refers to stm32f10x_rcc.o(i.RCC_LSEConfig) for RCC_LSEConfig
    seg.o(i.SEG_Configuration) refers to stm32f10x_bkp.o(i.BKP_TamperPinCmd) for BKP_TamperPinCmd
    seg.o(i.SEG_Configuration) refers to stm32f10x_gpio.o(i.GPIO_Init) for GPIO_Init
    seg.o(i.SEG_test) refers to memcpya.o(.text) for __aeabi_memcpy4
    seg.o(i.SEG_test) refers to stm32f10x_gpio.o(i.GPIO_ResetBits) for GPIO_ResetBits
    seg.o(i.SEG_test) refers to delay.o(i.delay_ms) for delay_ms
    delay.o(i.delay_init) refers to misc.o(i.SysTick_CLKSourceConfig) for SysTick_CLKSourceConfig
    delay.o(i.delay_init) refers to system_stm32f10x.o(.constdata) for SystemFrequency
    delay.o(i.delay_init) refers to delay.o(.data) for fac_us
    delay.o(i.delay_ms) refers to delay.o(.data) for fac_ms
    delay.o(i.delay_us) refers to delay.o(.data) for fac_us
    stm32f10x_it.o(i.TIM3_IRQHandler) refers to stm32f10x_tim.o(i.TIM_ClearITPendingBit) for TIM_ClearITPendingBit
    stm32f10x_it.o(i.TIM3_IRQHandler) refers to stm32f10x_tim.o(i.TIM_GetCapture1) for TIM_GetCapture1
    stm32f10x_it.o(i.TIM3_IRQHandler) refers to ldiv.o(.text) for __aeabi_ldivmod
    stm32f10x_it.o(i.TIM3_IRQHandler) refers to stm32f10x_it.o(.data) for i
    stm32f10x_tim.o(i.TIM_DeInit) refers to stm32f10x_rcc.o(i.RCC_APB2PeriphResetCmd) for RCC_APB2PeriphResetCmd
    stm32f10x_tim.o(i.TIM_DeInit) refers to stm32f10x_rcc.o(i.RCC_APB1PeriphResetCmd) for RCC_APB1PeriphResetCmd
    stm32f10x_tim.o(i.TIM_ETRClockMode1Config) refers to stm32f10x_tim.o(i.TIM_ETRConfig) for TIM_ETRConfig
    stm32f10x_tim.o(i.TIM_ETRClockMode2Config) refers to stm32f10x_tim.o(i.TIM_ETRConfig) for TIM_ETRConfig
    stm32f10x_tim.o(i.TIM_ICInit) refers to stm32f10x_tim.o(i.TI1_Config) for TI1_Config
    stm32f10x_tim.o(i.TIM_ICInit) refers to stm32f10x_tim.o(i.TIM_SetIC1Prescaler) for TIM_SetIC1Prescaler
    stm32f10x_tim.o(i.TIM_ICInit) refers to stm32f10x_tim.o(i.TI2_Config) for TI2_Config
    stm32f10x_tim.o(i.TIM_ICInit) refers to stm32f10x_tim.o(i.TIM_SetIC2Prescaler) for TIM_SetIC2Prescaler
    stm32f10x_tim.o(i.TIM_ICInit) refers to stm32f10x_tim.o(i.TI3_Config) for TI3_Config
    stm32f10x_tim.o(i.TIM_ICInit) refers to stm32f10x_tim.o(i.TIM_SetIC3Prescaler) for TIM_SetIC3Prescaler
    stm32f10x_tim.o(i.TIM_ICInit) refers to stm32f10x_tim.o(i.TI4_Config) for TI4_Config
    stm32f10x_tim.o(i.TIM_ICInit) refers to stm32f10x_tim.o(i.TIM_SetIC4Prescaler) for TIM_SetIC4Prescaler
    stm32f10x_tim.o(i.TIM_ITRxExternalClockConfig) refers to stm32f10x_tim.o(i.TIM_SelectInputTrigger) for TIM_SelectInputTrigger
    stm32f10x_tim.o(i.TIM_PWMIConfig) refers to stm32f10x_tim.o(i.TI1_Config) for TI1_Config
    stm32f10x_tim.o(i.TIM_PWMIConfig) refers to stm32f10x_tim.o(i.TIM_SetIC1Prescaler) for TIM_SetIC1Prescaler
    stm32f10x_tim.o(i.TIM_PWMIConfig) refers to stm32f10x_tim.o(i.TI2_Config) for TI2_Config
    stm32f10x_tim.o(i.TIM_PWMIConfig) refers to stm32f10x_tim.o(i.TIM_SetIC2Prescaler) for TIM_SetIC2Prescaler
    stm32f10x_tim.o(i.TIM_TIxExternalClockConfig) refers to stm32f10x_tim.o(i.TI2_Config) for TI2_Config
    stm32f10x_tim.o(i.TIM_TIxExternalClockConfig) refers to stm32f10x_tim.o(i.TI1_Config) for TI1_Config
    stm32f10x_tim.o(i.TIM_TIxExternalClockConfig) refers to stm32f10x_tim.o(i.TIM_SelectInputTrigger) for TIM_SelectInputTrigger
    stm32f10x_gpio.o(i.GPIO_AFIODeInit) refers to stm32f10x_rcc.o(i.RCC_APB2PeriphResetCmd) for RCC_APB2PeriphResetCmd
    stm32f10x_gpio.o(i.GPIO_DeInit) refers to stm32f10x_rcc.o(i.RCC_APB2PeriphResetCmd) for RCC_APB2PeriphResetCmd
    stm32f10x_rcc.o(i.RCC_GetClocksFreq) refers to stm32f10x_rcc.o(.data) for APBAHBPrescTable
    stm32f10x_rcc.o(i.RCC_WaitForHSEStartUp) refers to stm32f10x_rcc.o(i.RCC_GetFlagStatus) for RCC_GetFlagStatus
    stm32f10x_adc.o(i.ADC_DeInit) refers to stm32f10x_rcc.o(i.RCC_APB2PeriphResetCmd) for RCC_APB2PeriphResetCmd
    stm32f10x_bkp.o(i.BKP_DeInit) refers to stm32f10x_rcc.o(i.RCC_BackupResetCmd) for RCC_BackupResetCmd
    stm32f10x_can.o(i.CAN_DeInit) refers to stm32f10x_rcc.o(i.RCC_APB1PeriphResetCmd) for RCC_APB1PeriphResetCmd
    stm32f10x_can.o(i.CAN_GetITStatus) refers to stm32f10x_can.o(i.CheckITStatus) for CheckITStatus
    stm32f10x_can.o(i.CAN_Receive) refers to stm32f10x_can.o(i.CAN_FIFORelease) for CAN_FIFORelease
    stm32f10x_dac.o(i.DAC_DeInit) refers to stm32f10x_rcc.o(i.RCC_APB1PeriphResetCmd) for RCC_APB1PeriphResetCmd
    stm32f10x_i2c.o(i.I2C_DeInit) refers to stm32f10x_rcc.o(i.RCC_APB1PeriphResetCmd) for RCC_APB1PeriphResetCmd
    stm32f10x_i2c.o(i.I2C_Init) refers to stm32f10x_rcc.o(i.RCC_GetClocksFreq) for RCC_GetClocksFreq
    stm32f10x_usart.o(i.USART_DeInit) refers to stm32f10x_rcc.o(i.RCC_APB2PeriphResetCmd) for RCC_APB2PeriphResetCmd
    stm32f10x_usart.o(i.USART_DeInit) refers to stm32f10x_rcc.o(i.RCC_APB1PeriphResetCmd) for RCC_APB1PeriphResetCmd
    stm32f10x_usart.o(i.USART_Init) refers to stm32f10x_rcc.o(i.RCC_GetClocksFreq) for RCC_GetClocksFreq
    stm32f10x_spi.o(i.I2S_Init) refers to stm32f10x_rcc.o(i.RCC_GetClocksFreq) for RCC_GetClocksFreq
    stm32f10x_spi.o(i.SPI_I2S_DeInit) refers to stm32f10x_rcc.o(i.RCC_APB2PeriphResetCmd) for RCC_APB2PeriphResetCmd
    stm32f10x_spi.o(i.SPI_I2S_DeInit) refers to stm32f10x_rcc.o(i.RCC_APB1PeriphResetCmd) for RCC_APB1PeriphResetCmd
    stm32f10x_rtc.o(i.RTC_SetAlarm) refers to stm32f10x_rtc.o(i.RTC_EnterConfigMode) for RTC_EnterConfigMode
    stm32f10x_rtc.o(i.RTC_SetAlarm) refers to stm32f10x_rtc.o(i.RTC_ExitConfigMode) for RTC_ExitConfigMode
    stm32f10x_rtc.o(i.RTC_SetCounter) refers to stm32f10x_rtc.o(i.RTC_EnterConfigMode) for RTC_EnterConfigMode
    stm32f10x_rtc.o(i.RTC_SetCounter) refers to stm32f10x_rtc.o(i.RTC_ExitConfigMode) for RTC_ExitConfigMode
    stm32f10x_rtc.o(i.RTC_SetPrescaler) refers to stm32f10x_rtc.o(i.RTC_EnterConfigMode) for RTC_EnterConfigMode
    stm32f10x_rtc.o(i.RTC_SetPrescaler) refers to stm32f10x_rtc.o(i.RTC_ExitConfigMode) for RTC_ExitConfigMode
    stm32f10x_pwr.o(i.PWR_DeInit) refers to stm32f10x_rcc.o(i.RCC_APB1PeriphResetCmd) for RCC_APB1PeriphResetCmd
    startup_stm32f10x_md.o(RESET) refers to startup_stm32f10x_md.o(STACK) for __initial_sp
    startup_stm32f10x_md.o(RESET) refers to startup_stm32f10x_md.o(.text) for Reset_Handler
    startup_stm32f10x_md.o(RESET) refers to stm32f10x_it.o(i.NMI_Handler) for NMI_Handler
    startup_stm32f10x_md.o(RESET) refers to stm32f10x_it.o(i.HardFault_Handler) for HardFault_Handler
    startup_stm32f10x_md.o(RESET) refers to stm32f10x_it.o(i.MemManage_Handler) for MemManage_Handler
    startup_stm32f10x_md.o(RESET) refers to stm32f10x_it.o(i.BusFault_Handler) for BusFault_Handler
    startup_stm32f10x_md.o(RESET) refers to stm32f10x_it.o(i.UsageFault_Handler) for UsageFault_Handler
    startup_stm32f10x_md.o(RESET) refers to stm32f10x_it.o(i.SVC_Handler) for SVC_Handler
    startup_stm32f10x_md.o(RESET) refers to stm32f10x_it.o(i.DebugMon_Handler) for DebugMon_Handler
    startup_stm32f10x_md.o(RESET) refers to stm32f10x_it.o(i.PendSV_Handler) for PendSV_Handler
    startup_stm32f10x_md.o(RESET) refers to stm32f10x_it.o(i.SysTick_Handler) for SysTick_Handler
    startup_stm32f10x_md.o(RESET) refers to lcd.o(i.EXTI2_IRQHandler) for EXTI2_IRQHandler
    startup_stm32f10x_md.o(RESET) refers to stm32f10x_it.o(i.TIM3_IRQHandler) for TIM3_IRQHandler
    startup_stm32f10x_md.o(RESET) refers to uart.o(i.USART1_IRQHandler) for USART1_IRQHandler
    startup_stm32f10x_md.o(RESET) refers to uart.o(i.USART3_IRQHandler) for USART3_IRQHandler
    startup_stm32f10x_md.o(.text) refers to entry.o(.ARM.Collect$$$$00000000) for __main
    system_stm32f10x.o(i.SetSysClock) refers to system_stm32f10x.o(i.SetSysClockTo72) for SetSysClockTo72
    system_stm32f10x.o(i.SystemInit) refers to system_stm32f10x.o(i.SetSysClock) for SetSysClock
    entry.o(.ARM.Collect$$$$00000000) refers (Special) to entry10a.o(.ARM.Collect$$$$0000000D) for __rt_final_cpp
    entry.o(.ARM.Collect$$$$00000000) refers (Special) to entry11a.o(.ARM.Collect$$$$0000000F) for __rt_final_exit
    entry.o(.ARM.Collect$$$$00000000) refers (Special) to entry7b.o(.ARM.Collect$$$$00000008) for _main_clock
    entry.o(.ARM.Collect$$$$00000000) refers (Special) to entry8b.o(.ARM.Collect$$$$0000000A) for _main_cpp_init
    entry.o(.ARM.Collect$$$$00000000) refers (Special) to entry9a.o(.ARM.Collect$$$$0000000B) for _main_init
    entry.o(.ARM.Collect$$$$00000000) refers (Special) to entry5.o(.ARM.Collect$$$$00000004) for _main_scatterload
    entry.o(.ARM.Collect$$$$00000000) refers (Special) to entry2.o(.ARM.Collect$$$$00000001) for _main_stk
    ldiv.o(.text) refers to uldiv.o(.text) for __aeabi_uldivmod
    dmul.o(.text) refers (Special) to iusefp.o(.text) for __I$use$fp
    dmul.o(.text) refers to depilogue.o(.text) for _double_epilogue
    dfltui.o(.text) refers (Special) to iusefp.o(.text) for __I$use$fp
    dfltui.o(.text) refers to depilogue.o(.text) for _double_epilogue
    dfixui.o(.text) refers (Special) to iusefp.o(.text) for __I$use$fp
    dfixui.o(.text) refers to llushr.o(.text) for __aeabi_llsr
    entry2.o(.ARM.Collect$$$$00000001) refers to entry2.o(.ARM.Collect$$$$00002712) for __lit__00000000
    entry2.o(.ARM.Collect$$$$00002712) refers to startup_stm32f10x_md.o(STACK) for __initial_sp
    entry2.o(__vectab_stack_and_reset_area) refers to startup_stm32f10x_md.o(STACK) for __initial_sp
    entry2.o(__vectab_stack_and_reset_area) refers to entry.o(.ARM.Collect$$$$00000000) for __main
    entry5.o(.ARM.Collect$$$$00000004) refers to init.o(.text) for __scatterload
    entry9a.o(.ARM.Collect$$$$0000000B) refers to main.o(i.main) for main
    entry9b.o(.ARM.Collect$$$$0000000C) refers to main.o(i.main) for main
    uldiv.o(.text) refers to llushr.o(.text) for __aeabi_llsr
    uldiv.o(.text) refers to llshl.o(.text) for __aeabi_llsl
    depilogue.o(.text) refers to llshl.o(.text) for __aeabi_llsl
    depilogue.o(.text) refers to llushr.o(.text) for __aeabi_llsr
    init.o(.text) refers to entry5.o(.ARM.Collect$$$$00000004) for __main_after_scatterload


==============================================================================

Removing Unused input sections from the image.

    Removing led.o(i.LED_Blink), (116 bytes).
    Removing led.o(i.LED_Configuration), (44 bytes).
    Removing led.o(i.One_LED_ON), (104 bytes).
    Removing key.o(i.KEY_Configuration), (68 bytes).
    Removing key.o(i.KEY_read), (348 bytes).
    Removing key.o(i.key_test), (20 bytes).
    Removing key.o(.data), (4 bytes).
    Removing beep.o(i.BEEP_Configuration), (56 bytes).
    Removing beep.o(i.Beep), (48 bytes).
    Removing uart.o(i.NVIC_Configuration), (82 bytes).
    Removing uart.o(i.RS232SendByte), (12 bytes).
    Removing uart.o(i.RS232_Configuration), (156 bytes).
    Removing uart.o(i.RS232_test), (28 bytes).
    Removing uart.o(i.RS485SendByte), (12 bytes).
    Removing uart.o(i.RS485_Configuration), (188 bytes).
    Removing uart.o(i.RS485_test), (72 bytes).
    Removing uart.o(i.SetRS485Dir), (36 bytes).
    Removing uart.o(i.uart_test), (24 bytes).
    Removing lcd.o(i.LCD_BGR2RGB), (26 bytes).
    Removing lcd.o(i.LCD_Color_Fill), (124 bytes).
    Removing lcd.o(i.LCD_DisplayOff), (10 bytes).
    Removing lcd.o(i.LCD_DisplayOn), (10 bytes).
    Removing lcd.o(i.LCD_Draw_Circle), (152 bytes).
    Removing lcd.o(i.LCD_Pow), (22 bytes).
    Removing lcd.o(i.LCD_ReadPoint), (180 bytes).
    Removing lcd.o(i.LCD_SSD_BackLightSet), (248 bytes).
    Removing lcd.o(i.LCD_Set_Window), (324 bytes).
    Removing lcd.o(i.LCD_ShowNum), (148 bytes).
    Removing lcd.o(i.LCD_ShowxNum), (190 bytes).
    Removing lcd.o(i.LCD_WriteRAM), (44 bytes).
    Removing lcd.o(i.LCD_test), (344 bytes).
    Removing lcd.o(i.Touch_test), (20 bytes).
    Removing lcd.o(i.getPos), (116 bytes).
    Removing lcd.o(i.opt_delay), (14 bytes).
    Removing iic.o(i.I2C_Master_BufferRead), (240 bytes).
    Removing iic.o(i.I2C_Master_BufferWrite), (136 bytes).
    Removing iic.o(i.IIC_Configuration), (120 bytes).
    Removing iic.o(i.IIC_test), (64 bytes).
    Removing iic.o(.bss), (20 bytes).
    Removing iic.o(.data), (24 bytes).
    Removing spi.o(i.ENC25Q80_SPI2_Init), (176 bytes).
    Removing spi.o(i.SPI2_ReadWriteByte), (80 bytes).
    Removing spi.o(i.SPI_FLASH_ReadDeviceID), (60 bytes).
    Removing spi.o(i.SPI_FLASH_SendByte), (40 bytes).
    Removing sys.o(.emb_text), (6 bytes).
    Removing sys.o(i.INTX_DISABLE), (4 bytes).
    Removing sys.o(i.INTX_ENABLE), (4 bytes).
    Removing sys.o(i.WFI_SET), (4 bytes).
    Removing aiao.o(i.AIAO_test), (60 bytes).
    Removing aiao.o(i.AI_Configuration), (140 bytes).
    Removing aiao.o(i.AO_test), (14 bytes).
    Removing aiao.o(i.DAC1_Configuration), (92 bytes).
    Removing aiao.o(.data), (2 bytes).
    Removing counter.o(i.Counter_Configuration), (164 bytes).
    Removing counter.o(i.Counter_test), (20 bytes).
    Removing counter.o(.data), (4 bytes).
    Removing pwm.o(i.PWM_Configuration), (148 bytes).
    Removing pwm.o(i.PWM_test), (16 bytes).
    Removing seg.o(i.SEG_Configuration), (108 bytes).
    Removing seg.o(i.SEG_test), (100 bytes).
    Removing delay.o(i.delay_us), (68 bytes).
    Removing stm32f10x_tim.o(i.TI1_Config), (56 bytes).
    Removing stm32f10x_tim.o(i.TI2_Config), (80 bytes).
    Removing stm32f10x_tim.o(i.TI3_Config), (72 bytes).
    Removing stm32f10x_tim.o(i.TI4_Config), (82 bytes).
    Removing stm32f10x_tim.o(i.TIM_ARRPreloadConfig), (24 bytes).
    Removing stm32f10x_tim.o(i.TIM_BDTRConfig), (32 bytes).
    Removing stm32f10x_tim.o(i.TIM_BDTRStructInit), (18 bytes).
    Removing stm32f10x_tim.o(i.TIM_CCPreloadControl), (24 bytes).
    Removing stm32f10x_tim.o(i.TIM_CCxCmd), (26 bytes).
    Removing stm32f10x_tim.o(i.TIM_CCxNCmd), (26 bytes).
    Removing stm32f10x_tim.o(i.TIM_ClearFlag), (6 bytes).
    Removing stm32f10x_tim.o(i.TIM_ClearOC1Ref), (18 bytes).
    Removing stm32f10x_tim.o(i.TIM_ClearOC2Ref), (24 bytes).
    Removing stm32f10x_tim.o(i.TIM_ClearOC3Ref), (18 bytes).
    Removing stm32f10x_tim.o(i.TIM_ClearOC4Ref), (24 bytes).
    Removing stm32f10x_tim.o(i.TIM_Cmd), (24 bytes).
    Removing stm32f10x_tim.o(i.TIM_CounterModeConfig), (18 bytes).
    Removing stm32f10x_tim.o(i.TIM_CtrlPWMOutputs), (30 bytes).
    Removing stm32f10x_tim.o(i.TIM_DMACmd), (18 bytes).
    Removing stm32f10x_tim.o(i.TIM_DMAConfig), (10 bytes).
    Removing stm32f10x_tim.o(i.TIM_DeInit), (224 bytes).
    Removing stm32f10x_tim.o(i.TIM_ETRClockMode1Config), (54 bytes).
    Removing stm32f10x_tim.o(i.TIM_ETRClockMode2Config), (32 bytes).
    Removing stm32f10x_tim.o(i.TIM_ETRConfig), (30 bytes).
    Removing stm32f10x_tim.o(i.TIM_EncoderInterfaceConfig), (66 bytes).
    Removing stm32f10x_tim.o(i.TIM_ForcedOC1Config), (18 bytes).
    Removing stm32f10x_tim.o(i.TIM_ForcedOC2Config), (26 bytes).
    Removing stm32f10x_tim.o(i.TIM_ForcedOC3Config), (18 bytes).
    Removing stm32f10x_tim.o(i.TIM_ForcedOC4Config), (26 bytes).
    Removing stm32f10x_tim.o(i.TIM_GenerateEvent), (4 bytes).
    Removing stm32f10x_tim.o(i.TIM_GetCapture2), (6 bytes).
    Removing stm32f10x_tim.o(i.TIM_GetCapture3), (6 bytes).
    Removing stm32f10x_tim.o(i.TIM_GetCapture4), (8 bytes).
    Removing stm32f10x_tim.o(i.TIM_GetCounter), (6 bytes).
    Removing stm32f10x_tim.o(i.TIM_GetFlagStatus), (18 bytes).
    Removing stm32f10x_tim.o(i.TIM_GetITStatus), (34 bytes).
    Removing stm32f10x_tim.o(i.TIM_GetPrescaler), (6 bytes).
    Removing stm32f10x_tim.o(i.TIM_ICInit), (110 bytes).
    Removing stm32f10x_tim.o(i.TIM_ICStructInit), (18 bytes).
    Removing stm32f10x_tim.o(i.TIM_ITConfig), (18 bytes).
    Removing stm32f10x_tim.o(i.TIM_ITRxExternalClockConfig), (24 bytes).
    Removing stm32f10x_tim.o(i.TIM_InternalClockConfig), (12 bytes).
    Removing stm32f10x_tim.o(i.TIM_OC1FastConfig), (18 bytes).
    Removing stm32f10x_tim.o(i.TIM_OC1Init), (120 bytes).
    Removing stm32f10x_tim.o(i.TIM_OC1NPolarityConfig), (18 bytes).
    Removing stm32f10x_tim.o(i.TIM_OC1PolarityConfig), (18 bytes).
    Removing stm32f10x_tim.o(i.TIM_OC1PreloadConfig), (18 bytes).
    Removing stm32f10x_tim.o(i.TIM_OC2FastConfig), (26 bytes).
    Removing stm32f10x_tim.o(i.TIM_OC2Init), (156 bytes).
    Removing stm32f10x_tim.o(i.TIM_OC2NPolarityConfig), (26 bytes).
    Removing stm32f10x_tim.o(i.TIM_OC2PolarityConfig), (26 bytes).
    Removing stm32f10x_tim.o(i.TIM_OC2PreloadConfig), (26 bytes).
    Removing stm32f10x_tim.o(i.TIM_OC3FastConfig), (18 bytes).
    Removing stm32f10x_tim.o(i.TIM_OC3Init), (152 bytes).
    Removing stm32f10x_tim.o(i.TIM_OC3NPolarityConfig), (26 bytes).
    Removing stm32f10x_tim.o(i.TIM_OC3PolarityConfig), (26 bytes).
    Removing stm32f10x_tim.o(i.TIM_OC3PreloadConfig), (18 bytes).
    Removing stm32f10x_tim.o(i.TIM_OC4FastConfig), (26 bytes).
    Removing stm32f10x_tim.o(i.TIM_OC4Init), (116 bytes).
    Removing stm32f10x_tim.o(i.TIM_OC4PolarityConfig), (26 bytes).
    Removing stm32f10x_tim.o(i.TIM_OC4PreloadConfig), (26 bytes).
    Removing stm32f10x_tim.o(i.TIM_OCStructInit), (20 bytes).
    Removing stm32f10x_tim.o(i.TIM_PWMIConfig), (124 bytes).
    Removing stm32f10x_tim.o(i.TIM_PrescalerConfig), (6 bytes).
    Removing stm32f10x_tim.o(i.TIM_SelectCCDMA), (24 bytes).
    Removing stm32f10x_tim.o(i.TIM_SelectCOM), (24 bytes).
    Removing stm32f10x_tim.o(i.TIM_SelectHallSensor), (24 bytes).
    Removing stm32f10x_tim.o(i.TIM_SelectInputTrigger), (18 bytes).
    Removing stm32f10x_tim.o(i.TIM_SelectMasterSlaveMode), (18 bytes).
    Removing stm32f10x_tim.o(i.TIM_SelectOCxM), (134 bytes).
    Removing stm32f10x_tim.o(i.TIM_SelectOnePulseMode), (18 bytes).
    Removing stm32f10x_tim.o(i.TIM_SelectOutputTrigger), (18 bytes).
    Removing stm32f10x_tim.o(i.TIM_SelectSlaveMode), (18 bytes).
    Removing stm32f10x_tim.o(i.TIM_SetAutoreload), (4 bytes).
    Removing stm32f10x_tim.o(i.TIM_SetClockDivision), (14 bytes).
    Removing stm32f10x_tim.o(i.TIM_SetCompare1), (4 bytes).
    Removing stm32f10x_tim.o(i.TIM_SetCompare2), (4 bytes).
    Removing stm32f10x_tim.o(i.TIM_SetCompare3), (4 bytes).
    Removing stm32f10x_tim.o(i.TIM_SetCompare4), (6 bytes).
    Removing stm32f10x_tim.o(i.TIM_SetCounter), (4 bytes).
    Removing stm32f10x_tim.o(i.TIM_SetIC1Prescaler), (18 bytes).
    Removing stm32f10x_tim.o(i.TIM_SetIC2Prescaler), (26 bytes).
    Removing stm32f10x_tim.o(i.TIM_SetIC3Prescaler), (18 bytes).
    Removing stm32f10x_tim.o(i.TIM_SetIC4Prescaler), (26 bytes).
    Removing stm32f10x_tim.o(i.TIM_TIxExternalClockConfig), (62 bytes).
    Removing stm32f10x_tim.o(i.TIM_TimeBaseInit), (60 bytes).
    Removing stm32f10x_tim.o(i.TIM_TimeBaseStructInit), (18 bytes).
    Removing stm32f10x_tim.o(i.TIM_UpdateDisableConfig), (24 bytes).
    Removing stm32f10x_tim.o(i.TIM_UpdateRequestConfig), (24 bytes).
    Removing misc.o(i.NVIC_SystemLPConfig), (32 bytes).
    Removing stm32f10x_gpio.o(i.GPIO_AFIODeInit), (20 bytes).
    Removing stm32f10x_gpio.o(i.GPIO_DeInit), (196 bytes).
    Removing stm32f10x_gpio.o(i.GPIO_EventOutputCmd), (12 bytes).
    Removing stm32f10x_gpio.o(i.GPIO_EventOutputConfig), (32 bytes).
    Removing stm32f10x_gpio.o(i.GPIO_PinLockConfig), (18 bytes).
    Removing stm32f10x_gpio.o(i.GPIO_ReadInputData), (8 bytes).
    Removing stm32f10x_gpio.o(i.GPIO_ReadInputDataBit), (18 bytes).
    Removing stm32f10x_gpio.o(i.GPIO_ReadOutputData), (8 bytes).
    Removing stm32f10x_gpio.o(i.GPIO_ReadOutputDataBit), (18 bytes).
    Removing stm32f10x_gpio.o(i.GPIO_StructInit), (16 bytes).
    Removing stm32f10x_gpio.o(i.GPIO_Write), (4 bytes).
    Removing stm32f10x_gpio.o(i.GPIO_WriteBit), (10 bytes).
    Removing stm32f10x_rcc.o(i.RCC_ADCCLKConfig), (24 bytes).
    Removing stm32f10x_rcc.o(i.RCC_AHBPeriphClockCmd), (32 bytes).
    Removing stm32f10x_rcc.o(i.RCC_APB1PeriphClockCmd), (32 bytes).
    Removing stm32f10x_rcc.o(i.RCC_APB1PeriphResetCmd), (32 bytes).
    Removing stm32f10x_rcc.o(i.RCC_APB2PeriphResetCmd), (32 bytes).
    Removing stm32f10x_rcc.o(i.RCC_AdjustHSICalibrationValue), (24 bytes).
    Removing stm32f10x_rcc.o(i.RCC_BackupResetCmd), (12 bytes).
    Removing stm32f10x_rcc.o(i.RCC_ClearFlag), (20 bytes).
    Removing stm32f10x_rcc.o(i.RCC_ClearITPendingBit), (12 bytes).
    Removing stm32f10x_rcc.o(i.RCC_ClockSecuritySystemCmd), (12 bytes).
    Removing stm32f10x_rcc.o(i.RCC_DeInit), (76 bytes).
    Removing stm32f10x_rcc.o(i.RCC_GetClocksFreq), (212 bytes).
    Removing stm32f10x_rcc.o(i.RCC_GetFlagStatus), (60 bytes).
    Removing stm32f10x_rcc.o(i.RCC_GetITStatus), (24 bytes).
    Removing stm32f10x_rcc.o(i.RCC_GetSYSCLKSource), (16 bytes).
    Removing stm32f10x_rcc.o(i.RCC_HCLKConfig), (24 bytes).
    Removing stm32f10x_rcc.o(i.RCC_HSEConfig), (76 bytes).
    Removing stm32f10x_rcc.o(i.RCC_HSICmd), (12 bytes).
    Removing stm32f10x_rcc.o(i.RCC_ITConfig), (32 bytes).
    Removing stm32f10x_rcc.o(i.RCC_LSEConfig), (52 bytes).
    Removing stm32f10x_rcc.o(i.RCC_LSICmd), (12 bytes).
    Removing stm32f10x_rcc.o(i.RCC_MCOConfig), (12 bytes).
    Removing stm32f10x_rcc.o(i.RCC_PCLK1Config), (24 bytes).
    Removing stm32f10x_rcc.o(i.RCC_PCLK2Config), (24 bytes).
    Removing stm32f10x_rcc.o(i.RCC_PLLCmd), (12 bytes).
    Removing stm32f10x_rcc.o(i.RCC_PLLConfig), (28 bytes).
    Removing stm32f10x_rcc.o(i.RCC_RTCCLKCmd), (12 bytes).
    Removing stm32f10x_rcc.o(i.RCC_RTCCLKConfig), (16 bytes).
    Removing stm32f10x_rcc.o(i.RCC_SYSCLKConfig), (24 bytes).
    Removing stm32f10x_rcc.o(i.RCC_USBCLKConfig), (12 bytes).
    Removing stm32f10x_rcc.o(i.RCC_WaitForHSEStartUp), (54 bytes).
    Removing stm32f10x_rcc.o(.data), (20 bytes).
    Removing stm32f10x_adc.o(i.ADC_AnalogWatchdogCmd), (20 bytes).
    Removing stm32f10x_adc.o(i.ADC_AnalogWatchdogSingleChannelConfig), (16 bytes).
    Removing stm32f10x_adc.o(i.ADC_AnalogWatchdogThresholdsConfig), (6 bytes).
    Removing stm32f10x_adc.o(i.ADC_AutoInjectedConvCmd), (22 bytes).
    Removing stm32f10x_adc.o(i.ADC_ClearFlag), (6 bytes).
    Removing stm32f10x_adc.o(i.ADC_ClearITPendingBit), (10 bytes).
    Removing stm32f10x_adc.o(i.ADC_Cmd), (22 bytes).
    Removing stm32f10x_adc.o(i.ADC_DMACmd), (22 bytes).
    Removing stm32f10x_adc.o(i.ADC_DeInit), (96 bytes).
    Removing stm32f10x_adc.o(i.ADC_DiscModeChannelCountConfig), (24 bytes).
    Removing stm32f10x_adc.o(i.ADC_DiscModeCmd), (22 bytes).
    Removing stm32f10x_adc.o(i.ADC_ExternalTrigConvCmd), (22 bytes).
    Removing stm32f10x_adc.o(i.ADC_ExternalTrigInjectedConvCmd), (22 bytes).
    Removing stm32f10x_adc.o(i.ADC_ExternalTrigInjectedConvConfig), (16 bytes).
    Removing stm32f10x_adc.o(i.ADC_GetCalibrationStatus), (20 bytes).
    Removing stm32f10x_adc.o(i.ADC_GetConversionValue), (8 bytes).
    Removing stm32f10x_adc.o(i.ADC_GetDualModeConversionValue), (12 bytes).
    Removing stm32f10x_adc.o(i.ADC_GetFlagStatus), (18 bytes).
    Removing stm32f10x_adc.o(i.ADC_GetITStatus), (36 bytes).
    Removing stm32f10x_adc.o(i.ADC_GetInjectedConversionValue), (10 bytes).
    Removing stm32f10x_adc.o(i.ADC_GetResetCalibrationStatus), (20 bytes).
    Removing stm32f10x_adc.o(i.ADC_GetSoftwareStartConvStatus), (20 bytes).
    Removing stm32f10x_adc.o(i.ADC_GetSoftwareStartInjectedConvCmdStatus), (20 bytes).
    Removing stm32f10x_adc.o(i.ADC_ITConfig), (24 bytes).
    Removing stm32f10x_adc.o(i.ADC_Init), (80 bytes).
    Removing stm32f10x_adc.o(i.ADC_InjectedChannelConfig), (130 bytes).
    Removing stm32f10x_adc.o(i.ADC_InjectedDiscModeCmd), (22 bytes).
    Removing stm32f10x_adc.o(i.ADC_InjectedSequencerLengthConfig), (24 bytes).
    Removing stm32f10x_adc.o(i.ADC_RegularChannelConfig), (184 bytes).
    Removing stm32f10x_adc.o(i.ADC_ResetCalibration), (10 bytes).
    Removing stm32f10x_adc.o(i.ADC_SetInjectedOffset), (4 bytes).
    Removing stm32f10x_adc.o(i.ADC_SoftwareStartConvCmd), (22 bytes).
    Removing stm32f10x_adc.o(i.ADC_SoftwareStartInjectedConvCmd), (22 bytes).
    Removing stm32f10x_adc.o(i.ADC_StartCalibration), (10 bytes).
    Removing stm32f10x_adc.o(i.ADC_StructInit), (18 bytes).
    Removing stm32f10x_adc.o(i.ADC_TempSensorVrefintCmd), (36 bytes).
    Removing stm32f10x_bkp.o(i.BKP_ClearFlag), (20 bytes).
    Removing stm32f10x_bkp.o(i.BKP_ClearITPendingBit), (20 bytes).
    Removing stm32f10x_bkp.o(i.BKP_DeInit), (16 bytes).
    Removing stm32f10x_bkp.o(i.BKP_GetFlagStatus), (12 bytes).
    Removing stm32f10x_bkp.o(i.BKP_GetITStatus), (12 bytes).
    Removing stm32f10x_bkp.o(i.BKP_ITConfig), (12 bytes).
    Removing stm32f10x_bkp.o(i.BKP_RTCOutputConfig), (28 bytes).
    Removing stm32f10x_bkp.o(i.BKP_ReadBackupRegister), (16 bytes).
    Removing stm32f10x_bkp.o(i.BKP_SetRTCCalibrationValue), (28 bytes).
    Removing stm32f10x_bkp.o(i.BKP_TamperPinCmd), (12 bytes).
    Removing stm32f10x_bkp.o(i.BKP_TamperPinLevelConfig), (12 bytes).
    Removing stm32f10x_bkp.o(i.BKP_WriteBackupRegister), (16 bytes).
    Removing stm32f10x_can.o(i.CAN_CancelTransmit), (48 bytes).
    Removing stm32f10x_can.o(i.CAN_ClearFlag), (8 bytes).
    Removing stm32f10x_can.o(i.CAN_ClearITPendingBit), (166 bytes).
    Removing stm32f10x_can.o(i.CAN_DBGFreeze), (22 bytes).
    Removing stm32f10x_can.o(i.CAN_DeInit), (40 bytes).
    Removing stm32f10x_can.o(i.CAN_FIFORelease), (14 bytes).
    Removing stm32f10x_can.o(i.CAN_FilterInit), (264 bytes).
    Removing stm32f10x_can.o(i.CAN_GetFlagStatus), (18 bytes).
    Removing stm32f10x_can.o(i.CAN_GetITStatus), (238 bytes).
    Removing stm32f10x_can.o(i.CAN_ITConfig), (18 bytes).
    Removing stm32f10x_can.o(i.CAN_Init), (280 bytes).
    Removing stm32f10x_can.o(i.CAN_MessagePending), (30 bytes).
    Removing stm32f10x_can.o(i.CAN_Receive), (234 bytes).
    Removing stm32f10x_can.o(i.CAN_Sleep), (30 bytes).
    Removing stm32f10x_can.o(i.CAN_StructInit), (32 bytes).
    Removing stm32f10x_can.o(i.CAN_Transmit), (294 bytes).
    Removing stm32f10x_can.o(i.CAN_TransmitStatus), (142 bytes).
    Removing stm32f10x_can.o(i.CAN_WakeUp), (48 bytes).
    Removing stm32f10x_can.o(i.CheckITStatus), (18 bytes).
    Removing stm32f10x_dac.o(i.DAC_Cmd), (40 bytes).
    Removing stm32f10x_dac.o(i.DAC_DMACmd), (44 bytes).
    Removing stm32f10x_dac.o(i.DAC_DeInit), (22 bytes).
    Removing stm32f10x_dac.o(i.DAC_DualSoftwareTriggerCmd), (36 bytes).
    Removing stm32f10x_dac.o(i.DAC_GetDataOutputValue), (20 bytes).
    Removing stm32f10x_dac.o(i.DAC_Init), (52 bytes).
    Removing stm32f10x_dac.o(i.DAC_SetChannel1Data), (16 bytes).
    Removing stm32f10x_dac.o(i.DAC_SetChannel2Data), (16 bytes).
    Removing stm32f10x_dac.o(i.DAC_SetDualChannelData), (32 bytes).
    Removing stm32f10x_dac.o(i.DAC_SoftwareTriggerCmd), (44 bytes).
    Removing stm32f10x_dac.o(i.DAC_StructInit), (12 bytes).
    Removing stm32f10x_dac.o(i.DAC_WaveGenerationCmd), (40 bytes).
    Removing stm32f10x_i2c.o(i.I2C_ARPCmd), (24 bytes).
    Removing stm32f10x_i2c.o(i.I2C_AcknowledgeConfig), (24 bytes).
    Removing stm32f10x_i2c.o(i.I2C_CalculatePEC), (24 bytes).
    Removing stm32f10x_i2c.o(i.I2C_CheckEvent), (38 bytes).
    Removing stm32f10x_i2c.o(i.I2C_ClearFlag), (12 bytes).
    Removing stm32f10x_i2c.o(i.I2C_ClearITPendingBit), (12 bytes).
    Removing stm32f10x_i2c.o(i.I2C_Cmd), (24 bytes).
    Removing stm32f10x_i2c.o(i.I2C_DMACmd), (24 bytes).
    Removing stm32f10x_i2c.o(i.I2C_DMALastTransferCmd), (24 bytes).
    Removing stm32f10x_i2c.o(i.I2C_DeInit), (68 bytes).
    Removing stm32f10x_i2c.o(i.I2C_DualAddressCmd), (24 bytes).
    Removing stm32f10x_i2c.o(i.I2C_FastModeDutyCycleConfig), (28 bytes).
    Removing stm32f10x_i2c.o(i.I2C_GeneralCallCmd), (24 bytes).
    Removing stm32f10x_i2c.o(i.I2C_GenerateSTART), (24 bytes).
    Removing stm32f10x_i2c.o(i.I2C_GenerateSTOP), (24 bytes).
    Removing stm32f10x_i2c.o(i.I2C_GetFlagStatus), (58 bytes).
    Removing stm32f10x_i2c.o(i.I2C_GetITStatus), (38 bytes).
    Removing stm32f10x_i2c.o(i.I2C_GetLastEvent), (26 bytes).
    Removing stm32f10x_i2c.o(i.I2C_GetPEC), (8 bytes).
    Removing stm32f10x_i2c.o(i.I2C_ITConfig), (18 bytes).
    Removing stm32f10x_i2c.o(i.I2C_Init), (236 bytes).
    Removing stm32f10x_i2c.o(i.I2C_OwnAddress2Config), (22 bytes).
    Removing stm32f10x_i2c.o(i.I2C_PECPositionConfig), (28 bytes).
    Removing stm32f10x_i2c.o(i.I2C_ReadRegister), (6 bytes).
    Removing stm32f10x_i2c.o(i.I2C_ReceiveData), (8 bytes).
    Removing stm32f10x_i2c.o(i.I2C_SMBusAlertConfig), (28 bytes).
    Removing stm32f10x_i2c.o(i.I2C_Send7bitAddress), (18 bytes).
    Removing stm32f10x_i2c.o(i.I2C_SendData), (4 bytes).
    Removing stm32f10x_i2c.o(i.I2C_SoftwareResetCmd), (22 bytes).
    Removing stm32f10x_i2c.o(i.I2C_StretchClockCmd), (24 bytes).
    Removing stm32f10x_i2c.o(i.I2C_StructInit), (30 bytes).
    Removing stm32f10x_i2c.o(i.I2C_TransmitPEC), (24 bytes).
    Removing stm32f10x_usart.o(i.USART_ClearFlag), (6 bytes).
    Removing stm32f10x_usart.o(i.USART_ClockInit), (34 bytes).
    Removing stm32f10x_usart.o(i.USART_ClockStructInit), (12 bytes).
    Removing stm32f10x_usart.o(i.USART_Cmd), (24 bytes).
    Removing stm32f10x_usart.o(i.USART_DMACmd), (18 bytes).
    Removing stm32f10x_usart.o(i.USART_DeInit), (156 bytes).
    Removing stm32f10x_usart.o(i.USART_GetFlagStatus), (18 bytes).
    Removing stm32f10x_usart.o(i.USART_HalfDuplexCmd), (24 bytes).
    Removing stm32f10x_usart.o(i.USART_ITConfig), (64 bytes).
    Removing stm32f10x_usart.o(i.USART_Init), (156 bytes).
    Removing stm32f10x_usart.o(i.USART_IrDACmd), (24 bytes).
    Removing stm32f10x_usart.o(i.USART_IrDAConfig), (18 bytes).
    Removing stm32f10x_usart.o(i.USART_LINBreakDetectLengthConfig), (18 bytes).
    Removing stm32f10x_usart.o(i.USART_LINCmd), (24 bytes).
    Removing stm32f10x_usart.o(i.USART_ReceiveData), (10 bytes).
    Removing stm32f10x_usart.o(i.USART_ReceiverWakeUpCmd), (24 bytes).
    Removing stm32f10x_usart.o(i.USART_SendBreak), (10 bytes).
    Removing stm32f10x_usart.o(i.USART_SendData), (8 bytes).
    Removing stm32f10x_usart.o(i.USART_SetAddress), (18 bytes).
    Removing stm32f10x_usart.o(i.USART_SetGuardTime), (16 bytes).
    Removing stm32f10x_usart.o(i.USART_SetPrescaler), (16 bytes).
    Removing stm32f10x_usart.o(i.USART_SmartCardCmd), (24 bytes).
    Removing stm32f10x_usart.o(i.USART_SmartCardNACKCmd), (24 bytes).
    Removing stm32f10x_usart.o(i.USART_StructInit), (24 bytes).
    Removing stm32f10x_usart.o(i.USART_WakeUpConfig), (18 bytes).
    Removing stm32f10x_fsmc.o(i.FSMC_ClearFlag), (64 bytes).
    Removing stm32f10x_fsmc.o(i.FSMC_ClearITPendingBit), (72 bytes).
    Removing stm32f10x_fsmc.o(i.FSMC_GetECC), (28 bytes).
    Removing stm32f10x_fsmc.o(i.FSMC_GetFlagStatus), (56 bytes).
    Removing stm32f10x_fsmc.o(i.FSMC_GetITStatus), (68 bytes).
    Removing stm32f10x_fsmc.o(i.FSMC_ITConfig), (128 bytes).
    Removing stm32f10x_fsmc.o(i.FSMC_NANDCmd), (92 bytes).
    Removing stm32f10x_fsmc.o(i.FSMC_NANDDeInit), (68 bytes).
    Removing stm32f10x_fsmc.o(i.FSMC_NANDECCCmd), (92 bytes).
    Removing stm32f10x_fsmc.o(i.FSMC_NANDInit), (136 bytes).
    Removing stm32f10x_fsmc.o(i.FSMC_NANDStructInit), (54 bytes).
    Removing stm32f10x_fsmc.o(i.FSMC_NORSRAMCmd), (52 bytes).
    Removing stm32f10x_fsmc.o(i.FSMC_NORSRAMDeInit), (54 bytes).
    Removing stm32f10x_fsmc.o(i.FSMC_NORSRAMInit), (226 bytes).
    Removing stm32f10x_fsmc.o(i.FSMC_NORSRAMStructInit), (112 bytes).
    Removing stm32f10x_fsmc.o(i.FSMC_PCCARDCmd), (48 bytes).
    Removing stm32f10x_fsmc.o(i.FSMC_PCCARDDeInit), (40 bytes).
    Removing stm32f10x_fsmc.o(i.FSMC_PCCARDInit), (132 bytes).
    Removing stm32f10x_fsmc.o(i.FSMC_PCCARDStructInit), (60 bytes).
    Removing stm32f10x_spi.o(i.I2S_Cmd), (24 bytes).
    Removing stm32f10x_spi.o(i.I2S_Init), (210 bytes).
    Removing stm32f10x_spi.o(i.I2S_StructInit), (20 bytes).
    Removing stm32f10x_spi.o(i.SPI_BiDirectionalLineConfig), (28 bytes).
    Removing stm32f10x_spi.o(i.SPI_CalculateCRC), (24 bytes).
    Removing stm32f10x_spi.o(i.SPI_Cmd), (24 bytes).
    Removing stm32f10x_spi.o(i.SPI_DataSizeConfig), (18 bytes).
    Removing stm32f10x_spi.o(i.SPI_GetCRC), (16 bytes).
    Removing stm32f10x_spi.o(i.SPI_GetCRCPolynomial), (6 bytes).
    Removing stm32f10x_spi.o(i.SPI_I2S_ClearFlag), (6 bytes).
    Removing stm32f10x_spi.o(i.SPI_I2S_ClearITPendingBit), (20 bytes).
    Removing stm32f10x_spi.o(i.SPI_I2S_DMACmd), (18 bytes).
    Removing stm32f10x_spi.o(i.SPI_I2S_DeInit), (92 bytes).
    Removing stm32f10x_spi.o(i.SPI_I2S_GetFlagStatus), (18 bytes).
    Removing stm32f10x_spi.o(i.SPI_I2S_GetITStatus), (52 bytes).
    Removing stm32f10x_spi.o(i.SPI_I2S_ITConfig), (32 bytes).
    Removing stm32f10x_spi.o(i.SPI_I2S_ReceiveData), (6 bytes).
    Removing stm32f10x_spi.o(i.SPI_I2S_SendData), (4 bytes).
    Removing stm32f10x_spi.o(i.SPI_Init), (60 bytes).
    Removing stm32f10x_spi.o(i.SPI_NSSInternalSoftwareConfig), (30 bytes).
    Removing stm32f10x_spi.o(i.SPI_SSOutputCmd), (24 bytes).
    Removing stm32f10x_spi.o(i.SPI_StructInit), (24 bytes).
    Removing stm32f10x_spi.o(i.SPI_TransmitCRC), (10 bytes).
    Removing stm32f10x_exti.o(i.EXTI_ClearFlag), (12 bytes).
    Removing stm32f10x_exti.o(i.EXTI_DeInit), (36 bytes).
    Removing stm32f10x_exti.o(i.EXTI_GenerateSWInterrupt), (16 bytes).
    Removing stm32f10x_exti.o(i.EXTI_GetFlagStatus), (24 bytes).
    Removing stm32f10x_exti.o(i.EXTI_StructInit), (16 bytes).
    Removing stm32f10x_rtc.o(i.RTC_ClearFlag), (16 bytes).
    Removing stm32f10x_rtc.o(i.RTC_ClearITPendingBit), (16 bytes).
    Removing stm32f10x_rtc.o(i.RTC_EnterConfigMode), (20 bytes).
    Removing stm32f10x_rtc.o(i.RTC_ExitConfigMode), (20 bytes).
    Removing stm32f10x_rtc.o(i.RTC_GetCounter), (20 bytes).
    Removing stm32f10x_rtc.o(i.RTC_GetDivider), (24 bytes).
    Removing stm32f10x_rtc.o(i.RTC_GetFlagStatus), (24 bytes).
    Removing stm32f10x_rtc.o(i.RTC_GetITStatus), (36 bytes).
    Removing stm32f10x_rtc.o(i.RTC_ITConfig), (32 bytes).
    Removing stm32f10x_rtc.o(i.RTC_SetAlarm), (28 bytes).
    Removing stm32f10x_rtc.o(i.RTC_SetCounter), (28 bytes).
    Removing stm32f10x_rtc.o(i.RTC_SetPrescaler), (32 bytes).
    Removing stm32f10x_rtc.o(i.RTC_WaitForLastTask), (20 bytes).
    Removing stm32f10x_rtc.o(i.RTC_WaitForSynchro), (36 bytes).
    Removing stm32f10x_pwr.o(i.PWR_BackupAccessCmd), (12 bytes).
    Removing stm32f10x_pwr.o(i.PWR_ClearFlag), (20 bytes).
    Removing stm32f10x_pwr.o(i.PWR_DeInit), (22 bytes).
    Removing stm32f10x_pwr.o(i.PWR_EnterSTANDBYMode), (52 bytes).
    Removing stm32f10x_pwr.o(i.PWR_EnterSTOPMode), (52 bytes).
    Removing stm32f10x_pwr.o(i.PWR_GetFlagStatus), (24 bytes).
    Removing stm32f10x_pwr.o(i.PWR_PVDCmd), (12 bytes).
    Removing stm32f10x_pwr.o(i.PWR_PVDLevelConfig), (24 bytes).
    Removing stm32f10x_pwr.o(i.PWR_WakeUpPinCmd), (12 bytes).
    Removing startup_stm32f10x_md.o(HEAP), (0 bytes).
    Removing dmul.o(.text), (228 bytes).
    Removing dfltui.o(.text), (26 bytes).
    Removing dfixui.o(.text), (50 bytes).
    Removing depilogue.o(.text), (182 bytes).

406 unused section(s) (total 18706 bytes) removed from the image.

==============================================================================

Image Symbol Table

    Local Symbols

    Symbol Name                              Value     Ov Type        Size  Object(Section)

    ../clib/microlib/division.c              0x00000000   Number         0  uldiv.o ABSOLUTE
    ../clib/microlib/division.c              0x00000000   Number         0  ldiv.o ABSOLUTE
    ../clib/microlib/init/entry.s            0x00000000   Number         0  entry8a.o ABSOLUTE
    ../clib/microlib/init/entry.s            0x00000000   Number         0  entry7a.o ABSOLUTE
    ../clib/microlib/init/entry.s            0x00000000   Number         0  entry9a.o ABSOLUTE
    ../clib/microlib/init/entry.s            0x00000000   Number         0  entry7b.o ABSOLUTE
    ../clib/microlib/init/entry.s            0x00000000   Number         0  entry11b.o ABSOLUTE
    ../clib/microlib/init/entry.s            0x00000000   Number         0  entry11a.o ABSOLUTE
    ../clib/microlib/init/entry.s            0x00000000   Number         0  entry10b.o ABSOLUTE
    ../clib/microlib/init/entry.s            0x00000000   Number         0  entry10a.o ABSOLUTE
    ../clib/microlib/init/entry.s            0x00000000   Number         0  entry9b.o ABSOLUTE
    ../clib/microlib/init/entry.s            0x00000000   Number         0  entry8b.o ABSOLUTE
    ../clib/microlib/init/entry.s            0x00000000   Number         0  entry5.o ABSOLUTE
    ../clib/microlib/init/entry.s            0x00000000   Number         0  entry2.o ABSOLUTE
    ../clib/microlib/init/entry.s            0x00000000   Number         0  entry.o ABSOLUTE
    ../clib/microlib/longlong.c              0x00000000   Number         0  llshl.o ABSOLUTE
    ../clib/microlib/longlong.c              0x00000000   Number         0  llushr.o ABSOLUTE
    ../clib/microlib/string/memcpy.c         0x00000000   Number         0  memcpyb.o ABSOLUTE
    ../clib/microlib/string/memcpy.c         0x00000000   Number         0  memcpya.o ABSOLUTE
    ../clib/microlib/stubs.s                 0x00000000   Number         0  iusefp.o ABSOLUTE
    ../fplib/microlib/fpepilogue.c           0x00000000   Number         0  depilogue.o ABSOLUTE
    ../fplib/microlib/fpfix.c                0x00000000   Number         0  dfixui.o ABSOLUTE
    ../fplib/microlib/fpflt.c                0x00000000   Number         0  dfltui.o ABSOLUTE
    ../fplib/microlib/fpmul.c                0x00000000   Number         0  dmul.o ABSOLUTE
    ..\..\..\Libraries\CMSIS\Core\CM3\startup\arm\startup_stm32f10x_md.s 0x00000000   Number         0  startup_stm32f10x_md.o ABSOLUTE
    ..\..\..\Libraries\CMSIS\Core\CM3\system_stm32f10x.c 0x00000000   Number         0  system_stm32f10x.o ABSOLUTE
    ..\..\..\Libraries\STM32F10x_StdPeriph_Driver\src\misc.c 0x00000000   Number         0  misc.o ABSOLUTE
    ..\..\..\Libraries\STM32F10x_StdPeriph_Driver\src\stm32f10x_adc.c 0x00000000   Number         0  stm32f10x_adc.o ABSOLUTE
    ..\..\..\Libraries\STM32F10x_StdPeriph_Driver\src\stm32f10x_bkp.c 0x00000000   Number         0  stm32f10x_bkp.o ABSOLUTE
    ..\..\..\Libraries\STM32F10x_StdPeriph_Driver\src\stm32f10x_can.c 0x00000000   Number         0  stm32f10x_can.o ABSOLUTE
    ..\..\..\Libraries\STM32F10x_StdPeriph_Driver\src\stm32f10x_dac.c 0x00000000   Number         0  stm32f10x_dac.o ABSOLUTE
    ..\..\..\Libraries\STM32F10x_StdPeriph_Driver\src\stm32f10x_exti.c 0x00000000   Number         0  stm32f10x_exti.o ABSOLUTE
    ..\..\..\Libraries\STM32F10x_StdPeriph_Driver\src\stm32f10x_fsmc.c 0x00000000   Number         0  stm32f10x_fsmc.o ABSOLUTE
    ..\..\..\Libraries\STM32F10x_StdPeriph_Driver\src\stm32f10x_gpio.c 0x00000000   Number         0  stm32f10x_gpio.o ABSOLUTE
    ..\..\..\Libraries\STM32F10x_StdPeriph_Driver\src\stm32f10x_i2c.c 0x00000000   Number         0  stm32f10x_i2c.o ABSOLUTE
    ..\..\..\Libraries\STM32F10x_StdPeriph_Driver\src\stm32f10x_pwr.c 0x00000000   Number         0  stm32f10x_pwr.o ABSOLUTE
    ..\..\..\Libraries\STM32F10x_StdPeriph_Driver\src\stm32f10x_rcc.c 0x00000000   Number         0  stm32f10x_rcc.o ABSOLUTE
    ..\..\..\Libraries\STM32F10x_StdPeriph_Driver\src\stm32f10x_rtc.c 0x00000000   Number         0  stm32f10x_rtc.o ABSOLUTE
    ..\..\..\Libraries\STM32F10x_StdPeriph_Driver\src\stm32f10x_spi.c 0x00000000   Number         0  stm32f10x_spi.o ABSOLUTE
    ..\..\..\Libraries\STM32F10x_StdPeriph_Driver\src\stm32f10x_tim.c 0x00000000   Number         0  stm32f10x_tim.o ABSOLUTE
    ..\..\..\Libraries\STM32F10x_StdPeriph_Driver\src\stm32f10x_usart.c 0x00000000   Number         0  stm32f10x_usart.o ABSOLUTE
    ..\\src\\sys.c                           0x00000000   Number         0  sys.o ABSOLUTE
    ..\src\AIAO.c                            0x00000000   Number         0  aiao.o ABSOLUTE
    ..\src\Beep.c                            0x00000000   Number         0  beep.o ABSOLUTE
    ..\src\CAN.c                             0x00000000   Number         0  can.o ABSOLUTE
    ..\src\Counter.c                         0x00000000   Number         0  counter.o ABSOLUTE
    ..\src\IIC.c                             0x00000000   Number         0  iic.o ABSOLUTE
    ..\src\LCD.c                             0x00000000   Number         0  lcd.o ABSOLUTE
    ..\src\LED.c                             0x00000000   Number         0  led.o ABSOLUTE
    ..\src\PWM.c                             0x00000000   Number         0  pwm.o ABSOLUTE
    ..\src\SEG.c                             0x00000000   Number         0  seg.o ABSOLUTE
    ..\src\SPI.c                             0x00000000   Number         0  spi.o ABSOLUTE
    ..\src\TOUCH.c                           0x00000000   Number         0  touch.o ABSOLUTE
    ..\src\UART.c                            0x00000000   Number         0  uart.o ABSOLUTE
    ..\src\delay.c                           0x00000000   Number         0  delay.o ABSOLUTE
    ..\src\key.c                             0x00000000   Number         0  key.o ABSOLUTE
    ..\src\main.c                            0x00000000   Number         0  main.o ABSOLUTE
    ..\src\stm32f10x_it.c                    0x00000000   Number         0  stm32f10x_it.o ABSOLUTE
    ..\src\sys.c                             0x00000000   Number         0  sys.o ABSOLUTE
    dc.s                                     0x00000000   Number         0  dc.o ABSOLUTE
    handlers.s                               0x00000000   Number         0  handlers.o ABSOLUTE
    init.s                                   0x00000000   Number         0  init.o ABSOLUTE
    RESET                                    0x08000000   Section      236  startup_stm32f10x_md.o(RESET)
    .ARM.Collect$$$$00000000                 0x080000ec   Section        0  entry.o(.ARM.Collect$$$$00000000)
    .ARM.Collect$$$$00000001                 0x080000ec   Section        4  entry2.o(.ARM.Collect$$$$00000001)
    .ARM.Collect$$$$00000004                 0x080000f0   Section        4  entry5.o(.ARM.Collect$$$$00000004)
    .ARM.Collect$$$$00000008                 0x080000f4   Section        0  entry7b.o(.ARM.Collect$$$$00000008)
    .ARM.Collect$$$$0000000A                 0x080000f4   Section        0  entry8b.o(.ARM.Collect$$$$0000000A)
    .ARM.Collect$$$$0000000B                 0x080000f4   Section        8  entry9a.o(.ARM.Collect$$$$0000000B)
    .ARM.Collect$$$$0000000D                 0x080000fc   Section        0  entry10a.o(.ARM.Collect$$$$0000000D)
    .ARM.Collect$$$$0000000F                 0x080000fc   Section        0  entry11a.o(.ARM.Collect$$$$0000000F)
    .ARM.Collect$$$$00002712                 0x080000fc   Section        4  entry2.o(.ARM.Collect$$$$00002712)
    __lit__00000000                          0x080000fc   Data           4  entry2.o(.ARM.Collect$$$$00002712)
    .text                                    0x08000100   Section       28  startup_stm32f10x_md.o(.text)
    .text                                    0x0800011c   Section        0  ldiv.o(.text)
    .text                                    0x08000176   Section        0  uldiv.o(.text)
    .text                                    0x080001d8   Section        0  llushr.o(.text)
    .text                                    0x080001f8   Section       36  init.o(.text)
    .text                                    0x0800021c   Section        0  llshl.o(.text)
    i.BoardInit                              0x0800023c   Section        0  main.o(i.BoardInit)
    i.BusFault_Handler                       0x080002ac   Section        0  stm32f10x_it.o(i.BusFault_Handler)
    i.DATAIN                                 0x080002b0   Section        0  lcd.o(i.DATAIN)
    i.DATAOUT                                0x080002f4   Section        0  lcd.o(i.DATAOUT)
    i.DebugMon_Handler                       0x08000380   Section        0  stm32f10x_it.o(i.DebugMon_Handler)
    i.Delay                                  0x08000382   Section        0  led.o(i.Delay)
    i.EXTI2_IRQHandler                       0x08000390   Section        0  lcd.o(i.EXTI2_IRQHandler)
    i.EXTI_ClearITPendingBit                 0x080003ac   Section        0  stm32f10x_exti.o(i.EXTI_ClearITPendingBit)
    i.EXTI_GetITStatus                       0x080003b8   Section        0  stm32f10x_exti.o(i.EXTI_GetITStatus)
    i.EXTI_Init                              0x080003e0   Section        0  stm32f10x_exti.o(i.EXTI_Init)
    i.GPIO_EXTILineConfig                    0x08000498   Section        0  stm32f10x_gpio.o(i.GPIO_EXTILineConfig)
    i.GPIO_Init                              0x080004d8   Section        0  stm32f10x_gpio.o(i.GPIO_Init)
    i.GPIO_PinRemapConfig                    0x080005f0   Section        0  stm32f10x_gpio.o(i.GPIO_PinRemapConfig)
    i.GPIO_ResetBits                         0x08000660   Section        0  stm32f10x_gpio.o(i.GPIO_ResetBits)
    i.GPIO_SetBits                           0x08000664   Section        0  stm32f10x_gpio.o(i.GPIO_SetBits)
    i.HardFault_Handler                      0x08000668   Section        0  stm32f10x_it.o(i.HardFault_Handler)
    i.LCD_Clear                              0x0800066c   Section        0  lcd.o(i.LCD_Clear)
    i.LCD_Config_DIN                         0x080006bc   Section        0  lcd.o(i.LCD_Config_DIN)
    i.LCD_Config_DOUT                        0x08000708   Section        0  lcd.o(i.LCD_Config_DOUT)
    i.LCD_Configuration                      0x08000740   Section        0  lcd.o(i.LCD_Configuration)
    i.LCD_Display_Dir                        0x08000794   Section        0  lcd.o(i.LCD_Display_Dir)
    i.LCD_DrawChessPoint                     0x08000808   Section        0  lcd.o(i.LCD_DrawChessPoint)
    i.LCD_DrawLine                           0x08000848   Section        0  lcd.o(i.LCD_DrawLine)
    i.LCD_DrawPoint                          0x080008f8   Section        0  lcd.o(i.LCD_DrawPoint)
    i.LCD_DrawRectangle                      0x08000938   Section        0  lcd.o(i.LCD_DrawRectangle)
    i.LCD_Draw_Circle_Chess                  0x08000978   Section        0  lcd.o(i.LCD_Draw_Circle_Chess)
    i.LCD_Fast_DrawPoint                     0x08000a38   Section        0  lcd.o(i.LCD_Fast_DrawPoint)
    i.LCD_Fill                               0x08000b20   Section        0  lcd.o(i.LCD_Fill)
    i.LCD_Init                               0x08000b90   Section        0  lcd.o(i.LCD_Init)
    i.LCD_RD_DATA                            0x08000f94   Section        0  lcd.o(i.LCD_RD_DATA)
    i.LCD_ReadReg                            0x08000fcc   Section        0  lcd.o(i.LCD_ReadReg)
    i.LCD_RmChessPoint                       0x08000fdc   Section        0  lcd.o(i.LCD_RmChessPoint)
    i.LCD_Rm_Circle_Chess                    0x0800101c   Section        0  lcd.o(i.LCD_Rm_Circle_Chess)
    i.LCD_Scan_Dir                           0x08001158   Section        0  lcd.o(i.LCD_Scan_Dir)
    i.LCD_SetCursor                          0x08001324   Section        0  lcd.o(i.LCD_SetCursor)
    i.LCD_ShowChar                           0x080013c8   Section        0  lcd.o(i.LCD_ShowChar)
    i.LCD_ShowString                         0x080014f0   Section        0  lcd.o(i.LCD_ShowString)
    i.LCD_WR_DATAX                           0x08001558   Section        0  lcd.o(i.LCD_WR_DATAX)
    i.LCD_WR_REG                             0x08001584   Section        0  lcd.o(i.LCD_WR_REG)
    i.LCD_WriteRAM_Prepare                   0x080015ac   Section        0  lcd.o(i.LCD_WriteRAM_Prepare)
    i.LCD_WriteReg                           0x080015bc   Section        0  lcd.o(i.LCD_WriteReg)
    i.MemManage_Handler                      0x080015f0   Section        0  stm32f10x_it.o(i.MemManage_Handler)
    i.My_DrawLine                            0x080015f4   Section        0  lcd.o(i.My_DrawLine)
    i.NMI_Handler                            0x08001636   Section        0  stm32f10x_it.o(i.NMI_Handler)
    i.NVIC_Init                              0x08001638   Section        0  misc.o(i.NVIC_Init)
    i.NVIC_PriorityGroupConfig               0x080016a8   Section        0  misc.o(i.NVIC_PriorityGroupConfig)
    i.NVIC_SetVectorTable                    0x080016bc   Section        0  misc.o(i.NVIC_SetVectorTable)
    i.PendSV_Handler                         0x080016d0   Section        0  stm32f10x_it.o(i.PendSV_Handler)
    i.RCC_APB2PeriphClockCmd                 0x080016d4   Section        0  stm32f10x_rcc.o(i.RCC_APB2PeriphClockCmd)
    i.SPI_SndRecv                            0x080016f4   Section        0  lcd.o(i.SPI_SndRecv)
    i.SPI_X                                  0x0800175c   Section        0  lcd.o(i.SPI_X)
    i.SPI_Y                                  0x08001864   Section        0  lcd.o(i.SPI_Y)
    i.SVC_Handler                            0x0800196c   Section        0  stm32f10x_it.o(i.SVC_Handler)
    i.SetSysClock                            0x0800196e   Section        0  system_stm32f10x.o(i.SetSysClock)
    SetSysClock                              0x0800196f   Thumb Code     8  system_stm32f10x.o(i.SetSysClock)
    i.SetSysClockTo72                        0x08001978   Section        0  system_stm32f10x.o(i.SetSysClockTo72)
    SetSysClockTo72                          0x08001979   Thumb Code   220  system_stm32f10x.o(i.SetSysClockTo72)
    i.SysTick_CLKSourceConfig                0x08001a5c   Section        0  misc.o(i.SysTick_CLKSourceConfig)
    i.SysTick_Handler                        0x08001a84   Section        0  stm32f10x_it.o(i.SysTick_Handler)
    i.SystemInit                             0x08001a88   Section        0  system_stm32f10x.o(i.SystemInit)
    i.TIM3_IRQHandler                        0x08001ad8   Section        0  stm32f10x_it.o(i.TIM3_IRQHandler)
    i.TIM_ClearITPendingBit                  0x08001b9c   Section        0  stm32f10x_tim.o(i.TIM_ClearITPendingBit)
    i.TIM_GetCapture1                        0x08001ba2   Section        0  stm32f10x_tim.o(i.TIM_GetCapture1)
    i.TOUCH_INT_EXIT_Init                    0x08001ba8   Section        0  lcd.o(i.TOUCH_INT_EXIT_Init)
    i.TOUCH_INT_config                       0x08001be0   Section        0  lcd.o(i.TOUCH_INT_config)
    i.TOUCH_InterruptConfig                  0x08001c04   Section        0  lcd.o(i.TOUCH_InterruptConfig)
    i.TOUCH_SCREEN_INIT                      0x08001c38   Section        0  lcd.o(i.TOUCH_SCREEN_INIT)
    i.TouchScreen                            0x08001c98   Section        0  lcd.o(i.TouchScreen)
    i.USART1_IRQHandler                      0x08001cb4   Section        0  uart.o(i.USART1_IRQHandler)
    i.USART3_IRQHandler                      0x08001cf8   Section        0  uart.o(i.USART3_IRQHandler)
    i.USART_ClearITPendingBit                0x08001d3c   Section        0  stm32f10x_usart.o(i.USART_ClearITPendingBit)
    i.USART_GetITStatus                      0x08001d50   Section        0  stm32f10x_usart.o(i.USART_GetITStatus)
    i.UsageFault_Handler                     0x08001d9c   Section        0  stm32f10x_it.o(i.UsageFault_Handler)
    i.__scatterload_copy                     0x08001da0   Section       14  handlers.o(i.__scatterload_copy)
    i.__scatterload_null                     0x08001dae   Section        2  handlers.o(i.__scatterload_null)
    i.__scatterload_zeroinit                 0x08001db0   Section       14  handlers.o(i.__scatterload_zeroinit)
    i.delay_init                             0x08001dc0   Section        0  delay.o(i.delay_init)
    i.delay_ms                               0x08001e04   Section        0  delay.o(i.delay_ms)
    i.drawBTN                                0x08001e48   Section        0  main.o(i.drawBTN)
    i.drawChessBoard                         0x08001e78   Section        0  main.o(i.drawChessBoard)
    i.drawInitChess                          0x08001ef4   Section        0  main.o(i.drawInitChess)
    i.drawInitGraph                          0x08001f70   Section        0  main.o(i.drawInitGraph)
    i.getXY                                  0x08001f80   Section        0  main.o(i.getXY)
    i.isChessBoard                           0x08001fe8   Section        0  main.o(i.isChessBoard)
    i.isRST                                  0x08002036   Section        0  main.o(i.isRST)
    i.judge                                  0x0800205c   Section        0  main.o(i.judge)
    i.main                                   0x08002580   Section        0  main.o(i.main)
    i.resetChessBoard                        0x08002794   Section        0  main.o(i.resetChessBoard)
    i.win                                    0x08002814   Section        0  main.o(i.win)
    .constdata                               0x0800286c   Section     6080  lcd.o(.constdata)
    .constdata                               0x0800402c   Section       20  system_stm32f10x.o(.constdata)
    .data                                    0x20000000   Section        8  main.o(.data)
    .data                                    0x20000008   Section        2  uart.o(.data)
    .data                                    0x2000000c   Section       34  lcd.o(.data)
    .data                                    0x2000002e   Section        4  delay.o(.data)
    fac_us                                   0x2000002e   Data           1  delay.o(.data)
    fac_ms                                   0x20000030   Data           2  delay.o(.data)
    .data                                    0x20000034   Section       24  stm32f10x_it.o(.data)
    .bss                                     0x2000004c   Section      100  main.o(.bss)
    .bss                                     0x200000b0   Section      144  lcd.o(.bss)
    STACK                                    0x20000140   Section      512  startup_stm32f10x_md.o(STACK)

    Global Symbols

    Symbol Name                              Value     Ov Type        Size  Object(Section)

    BuildAttributes$$THM_ISAv4$P$D$K$B$S$PE$A:L22UL41UL21$X:L11$S22US41US21$IEEE1$IW$USESV6$~STKCKD$USESV7$~SHL$OSPACE$ROPI$EBA8$MICROLIB$REQ8$PRES8$EABIv2 0x00000000   Number         0  anon$$obj.o ABSOLUTE
    __ARM_use_no_argv                        0x00000000   Number         0  main.o ABSOLUTE
    __cpp_initialize__aeabi_                  - Undefined Weak Reference
    __cxa_finalize                            - Undefined Weak Reference
    __decompress                              - Undefined Weak Reference
    _clock_init                               - Undefined Weak Reference
    _microlib_exit                            - Undefined Weak Reference
    __Vectors_Size                           0x000000ec   Number         0  startup_stm32f10x_md.o ABSOLUTE
    __Vectors                                0x08000000   Data           4  startup_stm32f10x_md.o(RESET)
    __Vectors_End                            0x080000ec   Data           0  startup_stm32f10x_md.o(RESET)
    __main                                   0x080000ed   Thumb Code     0  entry.o(.ARM.Collect$$$$00000000)
    _main_stk                                0x080000ed   Thumb Code     0  entry2.o(.ARM.Collect$$$$00000001)
    _main_scatterload                        0x080000f1   Thumb Code     0  entry5.o(.ARM.Collect$$$$00000004)
    __main_after_scatterload                 0x080000f5   Thumb Code     0  entry5.o(.ARM.Collect$$$$00000004)
    _main_clock                              0x080000f5   Thumb Code     0  entry7b.o(.ARM.Collect$$$$00000008)
    _main_cpp_init                           0x080000f5   Thumb Code     0  entry8b.o(.ARM.Collect$$$$0000000A)
    _main_init                               0x080000f5   Thumb Code     0  entry9a.o(.ARM.Collect$$$$0000000B)
    __rt_final_cpp                           0x080000fd   Thumb Code     0  entry10a.o(.ARM.Collect$$$$0000000D)
    __rt_final_exit                          0x080000fd   Thumb Code     0  entry11a.o(.ARM.Collect$$$$0000000F)
    Reset_Handler                            0x08000101   Thumb Code     4  startup_stm32f10x_md.o(.text)
    ADC1_2_IRQHandler                        0x08000117   Thumb Code     0  startup_stm32f10x_md.o(.text)
    CAN1_RX1_IRQHandler                      0x08000117   Thumb Code     0  startup_stm32f10x_md.o(.text)
    CAN1_SCE_IRQHandler                      0x08000117   Thumb Code     0  startup_stm32f10x_md.o(.text)
    DMA1_Channel1_IRQHandler                 0x08000117   Thumb Code     0  startup_stm32f10x_md.o(.text)
    DMA1_Channel2_IRQHandler                 0x08000117   Thumb Code     0  startup_stm32f10x_md.o(.text)
    DMA1_Channel3_IRQHandler                 0x08000117   Thumb Code     0  startup_stm32f10x_md.o(.text)
    DMA1_Channel4_IRQHandler                 0x08000117   Thumb Code     0  startup_stm32f10x_md.o(.text)
    DMA1_Channel5_IRQHandler                 0x08000117   Thumb Code     0  startup_stm32f10x_md.o(.text)
    DMA1_Channel6_IRQHandler                 0x08000117   Thumb Code     0  startup_stm32f10x_md.o(.text)
    DMA1_Channel7_IRQHandler                 0x08000117   Thumb Code     0  startup_stm32f10x_md.o(.text)
    EXTI0_IRQHandler                         0x08000117   Thumb Code     0  startup_stm32f10x_md.o(.text)
    EXTI15_10_IRQHandler                     0x08000117   Thumb Code     0  startup_stm32f10x_md.o(.text)
    EXTI1_IRQHandler                         0x08000117   Thumb Code     0  startup_stm32f10x_md.o(.text)
    EXTI3_IRQHandler                         0x08000117   Thumb Code     0  startup_stm32f10x_md.o(.text)
    EXTI4_IRQHandler                         0x08000117   Thumb Code     0  startup_stm32f10x_md.o(.text)
    EXTI9_5_IRQHandler                       0x08000117   Thumb Code     0  startup_stm32f10x_md.o(.text)
    FLASH_IRQHandler                         0x08000117   Thumb Code     0  startup_stm32f10x_md.o(.text)
    I2C1_ER_IRQHandler                       0x08000117   Thumb Code     0  startup_stm32f10x_md.o(.text)
    I2C1_EV_IRQHandler                       0x08000117   Thumb Code     0  startup_stm32f10x_md.o(.text)
    I2C2_ER_IRQHandler                       0x08000117   Thumb Code     0  startup_stm32f10x_md.o(.text)
    I2C2_EV_IRQHandler                       0x08000117   Thumb Code     0  startup_stm32f10x_md.o(.text)
    PVD_IRQHandler                           0x08000117   Thumb Code     0  startup_stm32f10x_md.o(.text)
    RCC_IRQHandler                           0x08000117   Thumb Code     0  startup_stm32f10x_md.o(.text)
    RTCAlarm_IRQHandler                      0x08000117   Thumb Code     0  startup_stm32f10x_md.o(.text)
    RTC_IRQHandler                           0x08000117   Thumb Code     0  startup_stm32f10x_md.o(.text)
    SPI1_IRQHandler                          0x08000117   Thumb Code     0  startup_stm32f10x_md.o(.text)
    SPI2_IRQHandler                          0x08000117   Thumb Code     0  startup_stm32f10x_md.o(.text)
    TAMPER_IRQHandler                        0x08000117   Thumb Code     0  startup_stm32f10x_md.o(.text)
    TIM1_BRK_IRQHandler                      0x08000117   Thumb Code     0  startup_stm32f10x_md.o(.text)
    TIM1_CC_IRQHandler                       0x08000117   Thumb Code     0  startup_stm32f10x_md.o(.text)
    TIM1_TRG_COM_IRQHandler                  0x08000117   Thumb Code     0  startup_stm32f10x_md.o(.text)
    TIM1_UP_IRQHandler                       0x08000117   Thumb Code     0  startup_stm32f10x_md.o(.text)
    TIM2_IRQHandler                          0x08000117   Thumb Code     0  startup_stm32f10x_md.o(.text)
    TIM4_IRQHandler                          0x08000117   Thumb Code     0  startup_stm32f10x_md.o(.text)
    USART2_IRQHandler                        0x08000117   Thumb Code     0  startup_stm32f10x_md.o(.text)
    USBWakeUp_IRQHandler                     0x08000117   Thumb Code     0  startup_stm32f10x_md.o(.text)
    USB_HP_CAN1_TX_IRQHandler                0x08000117   Thumb Code     0  startup_stm32f10x_md.o(.text)
    USB_LP_CAN1_RX0_IRQHandler               0x08000117   Thumb Code     0  startup_stm32f10x_md.o(.text)
    WWDG_IRQHandler                          0x08000117   Thumb Code     0  startup_stm32f10x_md.o(.text)
    __aeabi_ldivmod                          0x0800011d   Thumb Code    90  ldiv.o(.text)
    __aeabi_uldivmod                         0x08000177   Thumb Code    98  uldiv.o(.text)
    __aeabi_llsr                             0x080001d9   Thumb Code    32  llushr.o(.text)
    _ll_ushift_r                             0x080001d9   Thumb Code     0  llushr.o(.text)
    __scatterload                            0x080001f9   Thumb Code    28  init.o(.text)
    __scatterload_rt2                        0x080001f9   Thumb Code     0  init.o(.text)
    __aeabi_llsl                             0x0800021d   Thumb Code    30  llshl.o(.text)
    _ll_shift_l                              0x0800021d   Thumb Code     0  llshl.o(.text)
    BoardInit                                0x0800023d   Thumb Code   106  main.o(i.BoardInit)
    BusFault_Handler                         0x080002ad   Thumb Code     4  stm32f10x_it.o(i.BusFault_Handler)
    DATAIN                                   0x080002b1   Thumb Code    58  lcd.o(i.DATAIN)
    DATAOUT                                  0x080002f5   Thumb Code   132  lcd.o(i.DATAOUT)
    DebugMon_Handler                         0x08000381   Thumb Code     2  stm32f10x_it.o(i.DebugMon_Handler)
    Delay                                    0x08000383   Thumb Code    14  led.o(i.Delay)
    EXTI2_IRQHandler                         0x08000391   Thumb Code    24  lcd.o(i.EXTI2_IRQHandler)
    EXTI_ClearITPendingBit                   0x080003ad   Thumb Code     6  stm32f10x_exti.o(i.EXTI_ClearITPendingBit)
    EXTI_GetITStatus                         0x080003b9   Thumb Code    34  stm32f10x_exti.o(i.EXTI_GetITStatus)
    EXTI_Init                                0x080003e1   Thumb Code   174  stm32f10x_exti.o(i.EXTI_Init)
    GPIO_EXTILineConfig                      0x08000499   Thumb Code    60  stm32f10x_gpio.o(i.GPIO_EXTILineConfig)
    GPIO_Init                                0x080004d9   Thumb Code   278  stm32f10x_gpio.o(i.GPIO_Init)
    GPIO_PinRemapConfig                      0x080005f1   Thumb Code   106  stm32f10x_gpio.o(i.GPIO_PinRemapConfig)
    GPIO_ResetBits                           0x08000661   Thumb Code     4  stm32f10x_gpio.o(i.GPIO_ResetBits)
    GPIO_SetBits                             0x08000665   Thumb Code     4  stm32f10x_gpio.o(i.GPIO_SetBits)
    HardFault_Handler                        0x08000669   Thumb Code     4  stm32f10x_it.o(i.HardFault_Handler)
    LCD_Clear                                0x0800066d   Thumb Code    72  lcd.o(i.LCD_Clear)
    LCD_Config_DIN                           0x080006bd   Thumb Code    68  lcd.o(i.LCD_Config_DIN)
    LCD_Config_DOUT                          0x08000709   Thumb Code    48  lcd.o(i.LCD_Config_DOUT)
    LCD_Configuration                        0x08000741   Thumb Code    76  lcd.o(i.LCD_Configuration)
    LCD_Display_Dir                          0x08000795   Thumb Code   110  lcd.o(i.LCD_Display_Dir)
    LCD_DrawChessPoint                       0x08000809   Thumb Code    56  lcd.o(i.LCD_DrawChessPoint)
    LCD_DrawLine                             0x08000849   Thumb Code   176  lcd.o(i.LCD_DrawLine)
    LCD_DrawPoint                            0x080008f9   Thumb Code    56  lcd.o(i.LCD_DrawPoint)
    LCD_DrawRectangle                        0x08000939   Thumb Code    64  lcd.o(i.LCD_DrawRectangle)
    LCD_Draw_Circle_Chess                    0x08000979   Thumb Code   186  lcd.o(i.LCD_Draw_Circle_Chess)
    LCD_Fast_DrawPoint                       0x08000a39   Thumb Code   224  lcd.o(i.LCD_Fast_DrawPoint)
    LCD_Fill                                 0x08000b21   Thumb Code   108  lcd.o(i.LCD_Fill)
    LCD_Init                                 0x08000b91   Thumb Code  1028  lcd.o(i.LCD_Init)
    LCD_RD_DATA                              0x08000f95   Thumb Code    52  lcd.o(i.LCD_RD_DATA)
    LCD_ReadReg                              0x08000fcd   Thumb Code    16  lcd.o(i.LCD_ReadReg)
    LCD_RmChessPoint                         0x08000fdd   Thumb Code    56  lcd.o(i.LCD_RmChessPoint)
    LCD_Rm_Circle_Chess                      0x0800101d   Thumb Code   314  lcd.o(i.LCD_Rm_Circle_Chess)
    LCD_Scan_Dir                             0x08001159   Thumb Code   450  lcd.o(i.LCD_Scan_Dir)
    LCD_SetCursor                            0x08001325   Thumb Code   156  lcd.o(i.LCD_SetCursor)
    LCD_ShowChar                             0x080013c9   Thumb Code   272  lcd.o(i.LCD_ShowChar)
    LCD_ShowString                           0x080014f1   Thumb Code   102  lcd.o(i.LCD_ShowString)
    LCD_WR_DATAX                             0x08001559   Thumb Code    40  lcd.o(i.LCD_WR_DATAX)
    LCD_WR_REG                               0x08001585   Thumb Code    36  lcd.o(i.LCD_WR_REG)
    LCD_WriteRAM_Prepare                     0x080015ad   Thumb Code    12  lcd.o(i.LCD_WriteRAM_Prepare)
    LCD_WriteReg                             0x080015bd   Thumb Code    48  lcd.o(i.LCD_WriteReg)
    MemManage_Handler                        0x080015f1   Thumb Code     4  stm32f10x_it.o(i.MemManage_Handler)
    My_DrawLine                              0x080015f5   Thumb Code    66  lcd.o(i.My_DrawLine)
    NMI_Handler                              0x08001637   Thumb Code     2  stm32f10x_it.o(i.NMI_Handler)
    NVIC_Init                                0x08001639   Thumb Code   100  misc.o(i.NVIC_Init)
    NVIC_PriorityGroupConfig                 0x080016a9   Thumb Code    10  misc.o(i.NVIC_PriorityGroupConfig)
    NVIC_SetVectorTable                      0x080016bd   Thumb Code    12  misc.o(i.NVIC_SetVectorTable)
    PendSV_Handler                           0x080016d1   Thumb Code     2  stm32f10x_it.o(i.PendSV_Handler)
    RCC_APB2PeriphClockCmd                   0x080016d5   Thumb Code    26  stm32f10x_rcc.o(i.RCC_APB2PeriphClockCmd)
    SPI_SndRecv                              0x080016f5   Thumb Code    96  lcd.o(i.SPI_SndRecv)
    SPI_X                                    0x0800175d   Thumb Code   242  lcd.o(i.SPI_X)
    SPI_Y                                    0x08001865   Thumb Code   244  lcd.o(i.SPI_Y)
    SVC_Handler                              0x0800196d   Thumb Code     2  stm32f10x_it.o(i.SVC_Handler)
    SysTick_CLKSourceConfig                  0x08001a5d   Thumb Code    40  misc.o(i.SysTick_CLKSourceConfig)
    SysTick_Handler                          0x08001a85   Thumb Code     2  stm32f10x_it.o(i.SysTick_Handler)
    SystemInit                               0x08001a89   Thumb Code    68  system_stm32f10x.o(i.SystemInit)
    TIM3_IRQHandler                          0x08001ad9   Thumb Code   164  stm32f10x_it.o(i.TIM3_IRQHandler)
    TIM_ClearITPendingBit                    0x08001b9d   Thumb Code     6  stm32f10x_tim.o(i.TIM_ClearITPendingBit)
    TIM_GetCapture1                          0x08001ba3   Thumb Code     6  stm32f10x_tim.o(i.TIM_GetCapture1)
    TOUCH_INT_EXIT_Init                      0x08001ba9   Thumb Code    54  lcd.o(i.TOUCH_INT_EXIT_Init)
    TOUCH_INT_config                         0x08001be1   Thumb Code    32  lcd.o(i.TOUCH_INT_config)
    TOUCH_InterruptConfig                    0x08001c05   Thumb Code    50  lcd.o(i.TOUCH_InterruptConfig)
    TOUCH_SCREEN_INIT                        0x08001c39   Thumb Code    82  lcd.o(i.TOUCH_SCREEN_INIT)
    TouchScreen                              0x08001c99   Thumb Code    20  lcd.o(i.TouchScreen)
    USART1_IRQHandler                        0x08001cb5   Thumb Code    58  uart.o(i.USART1_IRQHandler)
    USART3_IRQHandler                        0x08001cf9   Thumb Code    58  uart.o(i.USART3_IRQHandler)
    USART_ClearITPendingBit                  0x08001d3d   Thumb Code    20  stm32f10x_usart.o(i.USART_ClearITPendingBit)
    USART_GetITStatus                        0x08001d51   Thumb Code    76  stm32f10x_usart.o(i.USART_GetITStatus)
    UsageFault_Handler                       0x08001d9d   Thumb Code     4  stm32f10x_it.o(i.UsageFault_Handler)
    __scatterload_copy                       0x08001da1   Thumb Code    14  handlers.o(i.__scatterload_copy)
    __scatterload_null                       0x08001daf   Thumb Code     2  handlers.o(i.__scatterload_null)
    __scatterload_zeroinit                   0x08001db1   Thumb Code    14  handlers.o(i.__scatterload_zeroinit)
    delay_init                               0x08001dc1   Thumb Code    50  delay.o(i.delay_init)
    delay_ms                                 0x08001e05   Thumb Code    64  delay.o(i.delay_ms)
    drawBTN                                  0x08001e49   Thumb Code    42  main.o(i.drawBTN)
    drawChessBoard                           0x08001e79   Thumb Code   124  main.o(i.drawChessBoard)
    drawInitChess                            0x08001ef5   Thumb Code   118  main.o(i.drawInitChess)
    drawInitGraph                            0x08001f71   Thumb Code    16  main.o(i.drawInitGraph)
    getXY                                    0x08001f81   Thumb Code    94  main.o(i.getXY)
    isChessBoard                             0x08001fe9   Thumb Code    78  main.o(i.isChessBoard)
    isRST                                    0x08002037   Thumb Code    38  main.o(i.isRST)
    judge                                    0x0800205d   Thumb Code  1306  main.o(i.judge)
    main                                     0x08002581   Thumb Code   506  main.o(i.main)
    resetChessBoard                          0x08002795   Thumb Code   120  main.o(i.resetChessBoard)
    win                                      0x08002815   Thumb Code    58  main.o(i.win)
    asc2_1206                                0x0800286c   Data        1140  lcd.o(.constdata)
    asc2_1608                                0x08002ce0   Data        1520  lcd.o(.constdata)
    asc2_2412                                0x080032d0   Data        3420  lcd.o(.constdata)
    SystemFrequency                          0x0800402c   Data           4  system_stm32f10x.o(.constdata)
    SystemFrequency_SysClk                   0x08004030   Data           4  system_stm32f10x.o(.constdata)
    SystemFrequency_AHBClk                   0x08004034   Data           4  system_stm32f10x.o(.constdata)
    SystemFrequency_APB1Clk                  0x08004038   Data           4  system_stm32f10x.o(.constdata)
    SystemFrequency_APB2Clk                  0x0800403c   Data           4  system_stm32f10x.o(.constdata)
    Region$$Table$$Base                      0x08004040   Number         0  anon$$obj.o(Region$$Table)
    Region$$Table$$Limit                     0x08004060   Number         0  anon$$obj.o(Region$$Table)
    turn                                     0x20000000   Data           4  main.o(.data)
    endFlag                                  0x20000004   Data           4  main.o(.data)
    RS232InData                              0x20000008   Data           1  uart.o(.data)
    RS485InData                              0x20000009   Data           1  uart.o(.data)
    POINT_COLOR                              0x2000000c   Data           2  lcd.o(.data)
    BACK_COLOR                               0x2000000e   Data           2  lcd.o(.data)
    CHESS_COLOR                              0x20000010   Data           2  lcd.o(.data)
    chessFlag                                0x20000012   Data           1  lcd.o(.data)
    Temp                                     0x20000014   Data           4  lcd.o(.data)
    r                                        0x20000018   Data           4  lcd.o(.data)
    sx                                       0x2000001c   Data           4  lcd.o(.data)
    sy                                       0x20000020   Data           4  lcd.o(.data)
    xScreen                                  0x20000024   Data           4  lcd.o(.data)
    yScreen                                  0x20000028   Data           4  lcd.o(.data)
    touchFlag                                0x2000002c   Data           2  lcd.o(.data)
    MSB                                      0x20000034   Data           4  stm32f10x_it.o(.data)
    LSB                                      0x20000038   Data           4  stm32f10x_it.o(.data)
    MSB1                                     0x2000003c   Data           4  stm32f10x_it.o(.data)
    MSB2                                     0x20000040   Data           4  stm32f10x_it.o(.data)
    ExtSignalFreq                            0x20000044   Data           4  stm32f10x_it.o(.data)
    i                                        0x20000048   Data           4  stm32f10x_it.o(.data)
    pastChessBoard                           0x2000004c   Data         100  main.o(.bss)
    chessTable                               0x200000b0   Data         100  lcd.o(.bss)
    lcddev                                   0x20000114   Data          14  lcd.o(.bss)
    x_addata                                 0x20000122   Data          10  lcd.o(.bss)
    z_addata                                 0x2000012c   Data          10  lcd.o(.bss)
    y_addata                                 0x20000136   Data          10  lcd.o(.bss)
    __initial_sp                             0x20000340   Data           0  startup_stm32f10x_md.o(STACK)



==============================================================================

Memory Map of the image

  Image Entry point : 0x080000ed

  Load Region LR_IROM1 (Base: 0x08000000, Size: 0x000040ac, Max: 0x00040000, ABSOLUTE)

    Execution Region ER_IROM1 (Base: 0x08000000, Size: 0x00004060, Max: 0x00040000, ABSOLUTE)

    Base Addr    Size         Type   Attr      Idx    E Section Name        Object

    0x08000000   0x000000ec   Data   RO         3162    RESET               startup_stm32f10x_md.o
    0x080000ec   0x00000000   Code   RO         3195  * .ARM.Collect$$$$00000000  mc_w.l(entry.o)
    0x080000ec   0x00000004   Code   RO         3210    .ARM.Collect$$$$00000001  mc_w.l(entry2.o)
    0x080000f0   0x00000004   Code   RO         3213    .ARM.Collect$$$$00000004  mc_w.l(entry5.o)
    0x080000f4   0x00000000   Code   RO         3215    .ARM.Collect$$$$00000008  mc_w.l(entry7b.o)
    0x080000f4   0x00000000   Code   RO         3217    .ARM.Collect$$$$0000000A  mc_w.l(entry8b.o)
    0x080000f4   0x00000008   Code   RO         3218    .ARM.Collect$$$$0000000B  mc_w.l(entry9a.o)
    0x080000fc   0x00000000   Code   RO         3220    .ARM.Collect$$$$0000000D  mc_w.l(entry10a.o)
    0x080000fc   0x00000000   Code   RO         3222    .ARM.Collect$$$$0000000F  mc_w.l(entry11a.o)
    0x080000fc   0x00000004   Code   RO         3211    .ARM.Collect$$$$00002712  mc_w.l(entry2.o)
    0x08000100   0x0000001c   Code   RO         3163    .text               startup_stm32f10x_md.o
    0x0800011c   0x0000005a   Code   RO         3198    .text               mc_w.l(ldiv.o)
    0x08000176   0x00000062   Code   RO         3224    .text               mc_w.l(uldiv.o)
    0x080001d8   0x00000020   Code   RO         3226    .text               mc_w.l(llushr.o)
    0x080001f8   0x00000024   Code   RO         3231    .text               mc_w.l(init.o)
    0x0800021c   0x0000001e   Code   RO         3233    .text               mc_w.l(llshl.o)
    0x0800023a   0x00000002   PAD
    0x0800023c   0x00000070   Code   RO            1    i.BoardInit         main.o
    0x080002ac   0x00000004   Code   RO          856    i.BusFault_Handler  stm32f10x_it.o
    0x080002b0   0x00000044   Code   RO          280    i.DATAIN            lcd.o
    0x080002f4   0x0000008c   Code   RO          281    i.DATAOUT           lcd.o
    0x08000380   0x00000002   Code   RO          857    i.DebugMon_Handler  stm32f10x_it.o
    0x08000382   0x0000000e   Code   RO          127    i.Delay             led.o
    0x08000390   0x0000001c   Code   RO          282    i.EXTI2_IRQHandler  lcd.o
    0x080003ac   0x0000000c   Code   RO         2954    i.EXTI_ClearITPendingBit  stm32f10x_exti.o
    0x080003b8   0x00000028   Code   RO         2958    i.EXTI_GetITStatus  stm32f10x_exti.o
    0x080003e0   0x000000b8   Code   RO         2959    i.EXTI_Init         stm32f10x_exti.o
    0x08000498   0x00000040   Code   RO         1514    i.GPIO_EXTILineConfig  stm32f10x_gpio.o
    0x080004d8   0x00000116   Code   RO         1517    i.GPIO_Init         stm32f10x_gpio.o
    0x080005ee   0x00000002   PAD
    0x080005f0   0x00000070   Code   RO         1519    i.GPIO_PinRemapConfig  stm32f10x_gpio.o
    0x08000660   0x00000004   Code   RO         1524    i.GPIO_ResetBits    stm32f10x_gpio.o
    0x08000664   0x00000004   Code   RO         1525    i.GPIO_SetBits      stm32f10x_gpio.o
    0x08000668   0x00000004   Code   RO          858    i.HardFault_Handler  stm32f10x_it.o
    0x0800066c   0x00000050   Code   RO          284    i.LCD_Clear         lcd.o
    0x080006bc   0x0000004c   Code   RO          286    i.LCD_Config_DIN    lcd.o
    0x08000708   0x00000038   Code   RO          287    i.LCD_Config_DOUT   lcd.o
    0x08000740   0x00000054   Code   RO          288    i.LCD_Configuration  lcd.o
    0x08000794   0x00000074   Code   RO          291    i.LCD_Display_Dir   lcd.o
    0x08000808   0x00000040   Code   RO          292    i.LCD_DrawChessPoint  lcd.o
    0x08000848   0x000000b0   Code   RO          293    i.LCD_DrawLine      lcd.o
    0x080008f8   0x00000040   Code   RO          294    i.LCD_DrawPoint     lcd.o
    0x08000938   0x00000040   Code   RO          295    i.LCD_DrawRectangle  lcd.o
    0x08000978   0x000000c0   Code   RO          297    i.LCD_Draw_Circle_Chess  lcd.o
    0x08000a38   0x000000e8   Code   RO          298    i.LCD_Fast_DrawPoint  lcd.o
    0x08000b20   0x00000070   Code   RO          299    i.LCD_Fill          lcd.o
    0x08000b90   0x00000404   Code   RO          300    i.LCD_Init          lcd.o
    0x08000f94   0x00000038   Code   RO          302    i.LCD_RD_DATA       lcd.o
    0x08000fcc   0x00000010   Code   RO          304    i.LCD_ReadReg       lcd.o
    0x08000fdc   0x00000040   Code   RO          305    i.LCD_RmChessPoint  lcd.o
    0x0800101c   0x0000013a   Code   RO          306    i.LCD_Rm_Circle_Chess  lcd.o
    0x08001156   0x00000002   PAD
    0x08001158   0x000001cc   Code   RO          308    i.LCD_Scan_Dir      lcd.o
    0x08001324   0x000000a4   Code   RO          309    i.LCD_SetCursor     lcd.o
    0x080013c8   0x00000128   Code   RO          311    i.LCD_ShowChar      lcd.o
    0x080014f0   0x00000066   Code   RO          313    i.LCD_ShowString    lcd.o
    0x08001556   0x00000002   PAD
    0x08001558   0x0000002c   Code   RO          315    i.LCD_WR_DATAX      lcd.o
    0x08001584   0x00000028   Code   RO          316    i.LCD_WR_REG        lcd.o
    0x080015ac   0x00000010   Code   RO          318    i.LCD_WriteRAM_Prepare  lcd.o
    0x080015bc   0x00000034   Code   RO          319    i.LCD_WriteReg      lcd.o
    0x080015f0   0x00000004   Code   RO          859    i.MemManage_Handler  stm32f10x_it.o
    0x080015f4   0x00000042   Code   RO          321    i.My_DrawLine       lcd.o
    0x08001636   0x00000002   Code   RO          860    i.NMI_Handler       stm32f10x_it.o
    0x08001638   0x00000070   Code   RO         1476    i.NVIC_Init         misc.o
    0x080016a8   0x00000014   Code   RO         1477    i.NVIC_PriorityGroupConfig  misc.o
    0x080016bc   0x00000014   Code   RO         1478    i.NVIC_SetVectorTable  misc.o
    0x080016d0   0x00000002   Code   RO          861    i.PendSV_Handler    stm32f10x_it.o
    0x080016d2   0x00000002   PAD
    0x080016d4   0x00000020   Code   RO         1624    i.RCC_APB2PeriphClockCmd  stm32f10x_rcc.o
    0x080016f4   0x00000068   Code   RO          322    i.SPI_SndRecv       lcd.o
    0x0800175c   0x00000108   Code   RO          323    i.SPI_X             lcd.o
    0x08001864   0x00000108   Code   RO          324    i.SPI_Y             lcd.o
    0x0800196c   0x00000002   Code   RO          862    i.SVC_Handler       stm32f10x_it.o
    0x0800196e   0x00000008   Code   RO         3167    i.SetSysClock       system_stm32f10x.o
    0x08001976   0x00000002   PAD
    0x08001978   0x000000e4   Code   RO         3168    i.SetSysClockTo72   system_stm32f10x.o
    0x08001a5c   0x00000028   Code   RO         1480    i.SysTick_CLKSourceConfig  misc.o
    0x08001a84   0x00000002   Code   RO          863    i.SysTick_Handler   stm32f10x_it.o
    0x08001a86   0x00000002   PAD
    0x08001a88   0x00000050   Code   RO         3169    i.SystemInit        system_stm32f10x.o
    0x08001ad8   0x000000c4   Code   RO          864    i.TIM3_IRQHandler   stm32f10x_it.o
    0x08001b9c   0x00000006   Code   RO          939    i.TIM_ClearITPendingBit  stm32f10x_tim.o
    0x08001ba2   0x00000006   Code   RO          959    i.TIM_GetCapture1   stm32f10x_tim.o
    0x08001ba8   0x00000036   Code   RO          325    i.TOUCH_INT_EXIT_Init  lcd.o
    0x08001bde   0x00000002   PAD
    0x08001be0   0x00000024   Code   RO          326    i.TOUCH_INT_config  lcd.o
    0x08001c04   0x00000032   Code   RO          327    i.TOUCH_InterruptConfig  lcd.o
    0x08001c36   0x00000002   PAD
    0x08001c38   0x00000060   Code   RO          328    i.TOUCH_SCREEN_INIT  lcd.o
    0x08001c98   0x0000001c   Code   RO          329    i.TouchScreen       lcd.o
    0x08001cb4   0x00000044   Code   RO          210    i.USART1_IRQHandler  uart.o
    0x08001cf8   0x00000044   Code   RO          211    i.USART3_IRQHandler  uart.o
    0x08001d3c   0x00000014   Code   RO         2519    i.USART_ClearITPendingBit  stm32f10x_usart.o
    0x08001d50   0x0000004c   Code   RO         2526    i.USART_GetITStatus  stm32f10x_usart.o
    0x08001d9c   0x00000004   Code   RO          865    i.UsageFault_Handler  stm32f10x_it.o
    0x08001da0   0x0000000e   Code   RO         3237    i.__scatterload_copy  mc_w.l(handlers.o)
    0x08001dae   0x00000002   Code   RO         3238    i.__scatterload_null  mc_w.l(handlers.o)
    0x08001db0   0x0000000e   Code   RO         3239    i.__scatterload_zeroinit  mc_w.l(handlers.o)
    0x08001dbe   0x00000002   PAD
    0x08001dc0   0x00000044   Code   RO          830    i.delay_init        delay.o
    0x08001e04   0x00000044   Code   RO          831    i.delay_ms          delay.o
    0x08001e48   0x00000030   Code   RO            2    i.drawBTN           main.o
    0x08001e78   0x0000007c   Code   RO            3    i.drawChessBoard    main.o
    0x08001ef4   0x0000007c   Code   RO            4    i.drawInitChess     main.o
    0x08001f70   0x00000010   Code   RO            5    i.drawInitGraph     main.o
    0x08001f80   0x00000068   Code   RO            6    i.getXY             main.o
    0x08001fe8   0x0000004e   Code   RO            7    i.isChessBoard      main.o
    0x08002036   0x00000026   Code   RO            8    i.isRST             main.o
    0x0800205c   0x00000524   Code   RO            9    i.judge             main.o
    0x08002580   0x00000214   Code   RO           10    i.main              main.o
    0x08002794   0x00000080   Code   RO           11    i.resetChessBoard   main.o
    0x08002814   0x00000058   Code   RO           12    i.win               main.o
    0x0800286c   0x000017c0   Data   RO          334    .constdata          lcd.o
    0x0800402c   0x00000014   Data   RO         3170    .constdata          system_stm32f10x.o
    0x08004040   0x00000020   Data   RO         3235    Region$$Table       anon$$obj.o


    Execution Region RW_IRAM1 (Base: 0x20000000, Size: 0x00000340, Max: 0x0000c000, ABSOLUTE)

    Base Addr    Size         Type   Attr      Idx    E Section Name        Object

    0x20000000   0x00000008   Data   RW           14    .data               main.o
    0x20000008   0x00000002   Data   RW          213    .data               uart.o
    0x2000000a   0x00000002   PAD
    0x2000000c   0x00000022   Data   RW          335    .data               lcd.o
    0x2000002e   0x00000004   Data   RW          833    .data               delay.o
    0x20000032   0x00000002   PAD
    0x20000034   0x00000018   Data   RW          866    .data               stm32f10x_it.o
    0x2000004c   0x00000064   Zero   RW           13    .bss                main.o
    0x200000b0   0x00000090   Zero   RW          333    .bss                lcd.o
    0x20000140   0x00000200   Zero   RW         3160    STACK               startup_stm32f10x_md.o


==============================================================================

Image component sizes


      Code (inc. data)   RO Data    RW Data    ZI Data      Debug   Object Name

       136         22          0          4          0       1280   delay.o
      5166        266       6080         34        144      30528   lcd.o
        14          0          0          0          0        516   led.o
      2708        112          0          8        100     244311   main.o
       192         30          0          0          0       3115   misc.o
        28          4        236          0        512        896   startup_stm32f10x_md.o
       236         22          0          0          0       2468   stm32f10x_exti.o
       462         10          0          0          0       4824   stm32f10x_gpio.o
       222         32          0         24          0       5560   stm32f10x_it.o
        32          6          0          0          0        669   stm32f10x_rcc.o
        12          0          0          0          0       4362   stm32f10x_tim.o
        96          0          0          0          0       2994   stm32f10x_usart.o
         0          0          0          0          0         32   sys.o
       316         20         20          0          0       2817   system_stm32f10x.o
       136         20          0          2          0       8066   uart.o

    ----------------------------------------------------------------------
      9772        544       6368         76        756     312438   Object Totals
         0          0         32          0          0          0   (incl. Generated)
        16          0          0          4          0          0   (incl. Padding)

    ----------------------------------------------------------------------

      Code (inc. data)   RO Data    RW Data    ZI Data      Debug   Library Member Name

         0          0          0          0          0          0   entry.o
         0          0          0          0          0          0   entry10a.o
         0          0          0          0          0          0   entry11a.o
         8          4          0          0          0          0   entry2.o
         4          0          0          0          0          0   entry5.o
         0          0          0          0          0          0   entry7b.o
         0          0          0          0          0          0   entry8b.o
         8          4          0          0          0          0   entry9a.o
        30          0          0          0          0          0   handlers.o
        36          8          0          0          0         68   init.o
        90          0          0          0          0         84   ldiv.o
        30          0          0          0          0         68   llshl.o
        32          0          0          0          0         68   llushr.o
        98          0          0          0          0         92   uldiv.o

    ----------------------------------------------------------------------
       340         16          0          0          0        380   Library Totals
         4          0          0          0          0          0   (incl. Padding)

    ----------------------------------------------------------------------

      Code (inc. data)   RO Data    RW Data    ZI Data      Debug   Library Name

       336         16          0          0          0        380   mc_w.l

    ----------------------------------------------------------------------
       340         16          0          0          0        380   Library Totals

    ----------------------------------------------------------------------

==============================================================================


      Code (inc. data)   RO Data    RW Data    ZI Data      Debug   

     10112        560       6368         76        756     308654   Grand Totals
     10112        560       6368         76        756     308654   ELF Image Totals
     10112        560       6368         76          0          0   ROM Totals

==============================================================================

    Total RO  Size (Code + RO Data)                16480 (  16.09kB)
    Total RW  Size (RW Data + ZI Data)               832 (   0.81kB)
    Total ROM Size (Code + RO Data + RW Data)      16556 (  16.17kB)

==============================================================================

